src/app/about/page.tsx(30,12): error TS2769: No overload matches this call.
  Overload 1 of 2, '(props: { component: ElementType<any, keyof IntrinsicElements>; } & TypographyOwnProps & CommonProps & Omit<any, "color" | ... 9 more ... | "variantMapping">): Element | null', gave the following error.
    Property 'component' is missing in type '{ children: (string | Element)[]; variant: "body1"; paragraph: true; sx: { fontSize: string; lineHeight: number; mb: number; }; }' but required in type '{ component: ElementType<any, keyof IntrinsicElements>; }'.
  Overload 2 of 2, '(props: DefaultComponentProps<TypographyTypeMap<{}, "span">>): Element | null', gave the following error.
    Type '{ children: (string | Element)[]; variant: "body1"; paragraph: true; sx: { fontSize: string; lineHeight: number; mb: number; }; }' is not assignable to type 'IntrinsicAttributes & TypographyOwnProps & CommonProps & Omit<DetailedHTMLProps<HTMLAttributes<HTMLSpanElement>, HTMLSpanElement>, "color" | ... 9 more ... | "variantMapping">'.
      Property 'paragraph' does not exist on type 'IntrinsicAttributes & TypographyOwnProps & CommonProps & Omit<DetailedHTMLProps<HTMLAttributes<HTMLSpanElement>, HTMLSpanElement>, "color" | ... 9 more ... | "variantMapping">'.
src/app/about/page.tsx(34,12): error TS2769: No overload matches this call.
  Overload 1 of 2, '(props: { component: ElementType<any, keyof IntrinsicElements>; } & TypographyOwnProps & CommonProps & Omit<any, "color" | ... 9 more ... | "variantMapping">): Element | null', gave the following error.
    Property 'component' is missing in type '{ children: string; variant: "body1"; paragraph: true; sx: { fontSize: string; lineHeight: number; mb: number; }; }' but required in type '{ component: ElementType<any, keyof IntrinsicElements>; }'.
  Overload 2 of 2, '(props: DefaultComponentProps<TypographyTypeMap<{}, "span">>): Element | null', gave the following error.
    Type '{ children: string; variant: "body1"; paragraph: true; sx: { fontSize: string; lineHeight: number; mb: number; }; }' is not assignable to type 'IntrinsicAttributes & TypographyOwnProps & CommonProps & Omit<DetailedHTMLProps<HTMLAttributes<HTMLSpanElement>, HTMLSpanElement>, "color" | ... 9 more ... | "variantMapping">'.
      Property 'paragraph' does not exist on type 'IntrinsicAttributes & TypographyOwnProps & CommonProps & Omit<DetailedHTMLProps<HTMLAttributes<HTMLSpanElement>, HTMLSpanElement>, "color" | ... 9 more ... | "variantMapping">'.
src/app/about/page.tsx(51,12): error TS2769: No overload matches this call.
  Overload 1 of 2, '(props: { component: ElementType<any, keyof IntrinsicElements>; } & TypographyOwnProps & CommonProps & Omit<any, "color" | ... 9 more ... | "variantMapping">): Element | null', gave the following error.
    Property 'component' is missing in type '{ children: string; variant: "body1"; paragraph: true; sx: { fontSize: string; lineHeight: number; mb: number; }; }' but required in type '{ component: ElementType<any, keyof IntrinsicElements>; }'.
  Overload 2 of 2, '(props: DefaultComponentProps<TypographyTypeMap<{}, "span">>): Element | null', gave the following error.
    Type '{ children: string; variant: "body1"; paragraph: true; sx: { fontSize: string; lineHeight: number; mb: number; }; }' is not assignable to type 'IntrinsicAttributes & TypographyOwnProps & CommonProps & Omit<DetailedHTMLProps<HTMLAttributes<HTMLSpanElement>, HTMLSpanElement>, "color" | ... 9 more ... | "variantMapping">'.
      Property 'paragraph' does not exist on type 'IntrinsicAttributes & TypographyOwnProps & CommonProps & Omit<DetailedHTMLProps<HTMLAttributes<HTMLSpanElement>, HTMLSpanElement>, "color" | ... 9 more ... | "variantMapping">'.
src/app/about/page.tsx(55,12): error TS2769: No overload matches this call.
  Overload 1 of 2, '(props: { component: ElementType<any, keyof IntrinsicElements>; } & TypographyOwnProps & CommonProps & Omit<any, "color" | ... 9 more ... | "variantMapping">): Element | null', gave the following error.
    Property 'component' is missing in type '{ children: (string | Element)[]; variant: "body1"; paragraph: true; sx: { fontSize: string; lineHeight: number; }; }' but required in type '{ component: ElementType<any, keyof IntrinsicElements>; }'.
  Overload 2 of 2, '(props: DefaultComponentProps<TypographyTypeMap<{}, "span">>): Element | null', gave the following error.
    Type '{ children: (string | Element)[]; variant: "body1"; paragraph: true; sx: { fontSize: string; lineHeight: number; }; }' is not assignable to type 'IntrinsicAttributes & TypographyOwnProps & CommonProps & Omit<DetailedHTMLProps<HTMLAttributes<HTMLSpanElement>, HTMLSpanElement>, "color" | ... 9 more ... | "variantMapping">'.
      Property 'paragraph' does not exist on type 'IntrinsicAttributes & TypographyOwnProps & CommonProps & Omit<DetailedHTMLProps<HTMLAttributes<HTMLSpanElement>, HTMLSpanElement>, "color" | ... 9 more ... | "variantMapping">'.
src/app/page.tsx(10,3): error TS2724: '"@mui/material"' has no exported member named 'Grid2'. Did you mean 'Grid'?
src/app/privacy-policy/page.tsx(30,12): error TS2769: No overload matches this call.
  Overload 1 of 2, '(props: { component: ElementType<any, keyof IntrinsicElements>; } & TypographyOwnProps & CommonProps & Omit<any, "color" | ... 9 more ... | "variantMapping">): Element | null', gave the following error.
    Property 'component' is missing in type '{ children: (string | Element)[]; variant: "body1"; paragraph: true; sx: { fontSize: string; lineHeight: number; mb: number; }; }' but required in type '{ component: ElementType<any, keyof IntrinsicElements>; }'.
  Overload 2 of 2, '(props: DefaultComponentProps<TypographyTypeMap<{}, "span">>): Element | null', gave the following error.
    Type '{ children: (string | Element)[]; variant: "body1"; paragraph: true; sx: { fontSize: string; lineHeight: number; mb: number; }; }' is not assignable to type 'IntrinsicAttributes & TypographyOwnProps & CommonProps & Omit<DetailedHTMLProps<HTMLAttributes<HTMLSpanElement>, HTMLSpanElement>, "color" | ... 9 more ... | "variantMapping">'.
      Property 'paragraph' does not exist on type 'IntrinsicAttributes & TypographyOwnProps & CommonProps & Omit<DetailedHTMLProps<HTMLAttributes<HTMLSpanElement>, HTMLSpanElement>, "color" | ... 9 more ... | "variantMapping">'.
src/app/privacy-policy/page.tsx(37,12): error TS2769: No overload matches this call.
  Overload 1 of 2, '(props: { component: ElementType<any, keyof IntrinsicElements>; } & TypographyOwnProps & CommonProps & Omit<any, "color" | ... 9 more ... | "variantMapping">): Element | null', gave the following error.
    Property 'component' is missing in type '{ children: string; variant: "body1"; paragraph: true; sx: { fontSize: string; lineHeight: number; mb: number; }; }' but required in type '{ component: ElementType<any, keyof IntrinsicElements>; }'.
  Overload 2 of 2, '(props: DefaultComponentProps<TypographyTypeMap<{}, "span">>): Element | null', gave the following error.
    Type '{ children: string; variant: "body1"; paragraph: true; sx: { fontSize: string; lineHeight: number; mb: number; }; }' is not assignable to type 'IntrinsicAttributes & TypographyOwnProps & CommonProps & Omit<DetailedHTMLProps<HTMLAttributes<HTMLSpanElement>, HTMLSpanElement>, "color" | ... 9 more ... | "variantMapping">'.
      Property 'paragraph' does not exist on type 'IntrinsicAttributes & TypographyOwnProps & CommonProps & Omit<DetailedHTMLProps<HTMLAttributes<HTMLSpanElement>, HTMLSpanElement>, "color" | ... 9 more ... | "variantMapping">'.
src/app/privacy-policy/page.tsx(44,12): error TS2769: No overload matches this call.
  Overload 1 of 2, '(props: { component: ElementType<any, keyof IntrinsicElements>; } & TypographyOwnProps & CommonProps & Omit<any, "color" | ... 9 more ... | "variantMapping">): Element | null', gave the following error.
    Property 'component' is missing in type '{ children: string; variant: "body1"; paragraph: true; sx: { fontSize: string; lineHeight: number; mb: number; }; }' but required in type '{ component: ElementType<any, keyof IntrinsicElements>; }'.
  Overload 2 of 2, '(props: DefaultComponentProps<TypographyTypeMap<{}, "span">>): Element | null', gave the following error.
    Type '{ children: string; variant: "body1"; paragraph: true; sx: { fontSize: string; lineHeight: number; mb: number; }; }' is not assignable to type 'IntrinsicAttributes & TypographyOwnProps & CommonProps & Omit<DetailedHTMLProps<HTMLAttributes<HTMLSpanElement>, HTMLSpanElement>, "color" | ... 9 more ... | "variantMapping">'.
      Property 'paragraph' does not exist on type 'IntrinsicAttributes & TypographyOwnProps & CommonProps & Omit<DetailedHTMLProps<HTMLAttributes<HTMLSpanElement>, HTMLSpanElement>, "color" | ... 9 more ... | "variantMapping">'.
src/app/privacy-policy/page.tsx(57,12): error TS2769: No overload matches this call.
  Overload 1 of 2, '(props: { component: ElementType<any, keyof IntrinsicElements>; } & TypographyOwnProps & CommonProps & Omit<any, "color" | ... 9 more ... | "variantMapping">): Element | null', gave the following error.
    Property 'component' is missing in type '{ children: string; variant: "body1"; paragraph: true; sx: { fontSize: string; lineHeight: number; mb: number; }; }' but required in type '{ component: ElementType<any, keyof IntrinsicElements>; }'.
  Overload 2 of 2, '(props: DefaultComponentProps<TypographyTypeMap<{}, "span">>): Element | null', gave the following error.
    Type '{ children: string; variant: "body1"; paragraph: true; sx: { fontSize: string; lineHeight: number; mb: number; }; }' is not assignable to type 'IntrinsicAttributes & TypographyOwnProps & CommonProps & Omit<DetailedHTMLProps<HTMLAttributes<HTMLSpanElement>, HTMLSpanElement>, "color" | ... 9 more ... | "variantMapping">'.
      Property 'paragraph' does not exist on type 'IntrinsicAttributes & TypographyOwnProps & CommonProps & Omit<DetailedHTMLProps<HTMLAttributes<HTMLSpanElement>, HTMLSpanElement>, "color" | ... 9 more ... | "variantMapping">'.
src/app/privacy-policy/page.tsx(64,12): error TS2769: No overload matches this call.
  Overload 1 of 2, '(props: { component: ElementType<any, keyof IntrinsicElements>; } & TypographyOwnProps & CommonProps & Omit<any, "color" | ... 9 more ... | "variantMapping">): Element | null', gave the following error.
    Property 'component' is missing in type '{ children: string; variant: "body1"; paragraph: true; sx: { fontSize: string; lineHeight: number; mb: number; }; }' but required in type '{ component: ElementType<any, keyof IntrinsicElements>; }'.
  Overload 2 of 2, '(props: DefaultComponentProps<TypographyTypeMap<{}, "span">>): Element | null', gave the following error.
    Type '{ children: string; variant: "body1"; paragraph: true; sx: { fontSize: string; lineHeight: number; mb: number; }; }' is not assignable to type 'IntrinsicAttributes & TypographyOwnProps & CommonProps & Omit<DetailedHTMLProps<HTMLAttributes<HTMLSpanElement>, HTMLSpanElement>, "color" | ... 9 more ... | "variantMapping">'.
      Property 'paragraph' does not exist on type 'IntrinsicAttributes & TypographyOwnProps & CommonProps & Omit<DetailedHTMLProps<HTMLAttributes<HTMLSpanElement>, HTMLSpanElement>, "color" | ... 9 more ... | "variantMapping">'.
src/app/privacy-policy/page.tsx(71,12): error TS2769: No overload matches this call.
  Overload 1 of 2, '(props: { component: ElementType<any, keyof IntrinsicElements>; } & TypographyOwnProps & CommonProps & Omit<any, "color" | ... 9 more ... | "variantMapping">): Element | null', gave the following error.
    Property 'component' is missing in type '{ children: string; variant: "body1"; paragraph: true; sx: { fontSize: string; lineHeight: number; mb: number; }; }' but required in type '{ component: ElementType<any, keyof IntrinsicElements>; }'.
  Overload 2 of 2, '(props: DefaultComponentProps<TypographyTypeMap<{}, "span">>): Element | null', gave the following error.
    Type '{ children: string; variant: "body1"; paragraph: true; sx: { fontSize: string; lineHeight: number; mb: number; }; }' is not assignable to type 'IntrinsicAttributes & TypographyOwnProps & CommonProps & Omit<DetailedHTMLProps<HTMLAttributes<HTMLSpanElement>, HTMLSpanElement>, "color" | ... 9 more ... | "variantMapping">'.
      Property 'paragraph' does not exist on type 'IntrinsicAttributes & TypographyOwnProps & CommonProps & Omit<DetailedHTMLProps<HTMLAttributes<HTMLSpanElement>, HTMLSpanElement>, "color" | ... 9 more ... | "variantMapping">'.
src/app/privacy-policy/page.tsx(78,12): error TS2769: No overload matches this call.
  Overload 1 of 2, '(props: { component: ElementType<any, keyof IntrinsicElements>; } & TypographyOwnProps & CommonProps & Omit<any, "color" | ... 9 more ... | "variantMapping">): Element | null', gave the following error.
    Property 'component' is missing in type '{ children: (string | Element)[]; variant: "body1"; paragraph: true; sx: { fontSize: string; lineHeight: number; }; }' but required in type '{ component: ElementType<any, keyof IntrinsicElements>; }'.
  Overload 2 of 2, '(props: DefaultComponentProps<TypographyTypeMap<{}, "span">>): Element | null', gave the following error.
    Type '{ children: (string | Element)[]; variant: "body1"; paragraph: true; sx: { fontSize: string; lineHeight: number; }; }' is not assignable to type 'IntrinsicAttributes & TypographyOwnProps & CommonProps & Omit<DetailedHTMLProps<HTMLAttributes<HTMLSpanElement>, HTMLSpanElement>, "color" | ... 9 more ... | "variantMapping">'.
      Property 'paragraph' does not exist on type 'IntrinsicAttributes & TypographyOwnProps & CommonProps & Omit<DetailedHTMLProps<HTMLAttributes<HTMLSpanElement>, HTMLSpanElement>, "color" | ... 9 more ... | "variantMapping">'.
src/app/term-conditions/page.tsx(30,12): error TS2769: No overload matches this call.
  Overload 1 of 2, '(props: { component: ElementType<any, keyof IntrinsicElements>; } & TypographyOwnProps & CommonProps & Omit<any, "color" | ... 9 more ... | "variantMapping">): Element | null', gave the following error.
    Property 'component' is missing in type '{ children: (string | Element)[]; variant: "body1"; paragraph: true; sx: { fontSize: string; lineHeight: number; mb: number; }; }' but required in type '{ component: ElementType<any, keyof IntrinsicElements>; }'.
  Overload 2 of 2, '(props: DefaultComponentProps<TypographyTypeMap<{}, "span">>): Element | null', gave the following error.
    Type '{ children: (string | Element)[]; variant: "body1"; paragraph: true; sx: { fontSize: string; lineHeight: number; mb: number; }; }' is not assignable to type 'IntrinsicAttributes & TypographyOwnProps & CommonProps & Omit<DetailedHTMLProps<HTMLAttributes<HTMLSpanElement>, HTMLSpanElement>, "color" | ... 9 more ... | "variantMapping">'.
      Property 'paragraph' does not exist on type 'IntrinsicAttributes & TypographyOwnProps & CommonProps & Omit<DetailedHTMLProps<HTMLAttributes<HTMLSpanElement>, HTMLSpanElement>, "color" | ... 9 more ... | "variantMapping">'.
src/app/term-conditions/page.tsx(37,12): error TS2769: No overload matches this call.
  Overload 1 of 2, '(props: { component: ElementType<any, keyof IntrinsicElements>; } & TypographyOwnProps & CommonProps & Omit<any, "color" | ... 9 more ... | "variantMapping">): Element | null', gave the following error.
    Property 'component' is missing in type '{ children: string; variant: "body1"; paragraph: true; sx: { fontSize: string; lineHeight: number; mb: number; }; }' but required in type '{ component: ElementType<any, keyof IntrinsicElements>; }'.
  Overload 2 of 2, '(props: DefaultComponentProps<TypographyTypeMap<{}, "span">>): Element | null', gave the following error.
    Type '{ children: string; variant: "body1"; paragraph: true; sx: { fontSize: string; lineHeight: number; mb: number; }; }' is not assignable to type 'IntrinsicAttributes & TypographyOwnProps & CommonProps & Omit<DetailedHTMLProps<HTMLAttributes<HTMLSpanElement>, HTMLSpanElement>, "color" | ... 9 more ... | "variantMapping">'.
      Property 'paragraph' does not exist on type 'IntrinsicAttributes & TypographyOwnProps & CommonProps & Omit<DetailedHTMLProps<HTMLAttributes<HTMLSpanElement>, HTMLSpanElement>, "color" | ... 9 more ... | "variantMapping">'.
src/app/term-conditions/page.tsx(44,12): error TS2769: No overload matches this call.
  Overload 1 of 2, '(props: { component: ElementType<any, keyof IntrinsicElements>; } & TypographyOwnProps & CommonProps & Omit<any, "color" | ... 9 more ... | "variantMapping">): Element | null', gave the following error.
    Property 'component' is missing in type '{ children: string; variant: "body1"; paragraph: true; sx: { fontSize: string; lineHeight: number; mb: number; }; }' but required in type '{ component: ElementType<any, keyof IntrinsicElements>; }'.
  Overload 2 of 2, '(props: DefaultComponentProps<TypographyTypeMap<{}, "span">>): Element | null', gave the following error.
    Type '{ children: string; variant: "body1"; paragraph: true; sx: { fontSize: string; lineHeight: number; mb: number; }; }' is not assignable to type 'IntrinsicAttributes & TypographyOwnProps & CommonProps & Omit<DetailedHTMLProps<HTMLAttributes<HTMLSpanElement>, HTMLSpanElement>, "color" | ... 9 more ... | "variantMapping">'.
      Property 'paragraph' does not exist on type 'IntrinsicAttributes & TypographyOwnProps & CommonProps & Omit<DetailedHTMLProps<HTMLAttributes<HTMLSpanElement>, HTMLSpanElement>, "color" | ... 9 more ... | "variantMapping">'.
src/app/term-conditions/page.tsx(51,12): error TS2769: No overload matches this call.
  Overload 1 of 2, '(props: { component: ElementType<any, keyof IntrinsicElements>; } & TypographyOwnProps & CommonProps & Omit<any, "color" | ... 9 more ... | "variantMapping">): Element | null', gave the following error.
    Property 'component' is missing in type '{ children: string; variant: "body1"; paragraph: true; sx: { fontSize: string; lineHeight: number; mb: number; }; }' but required in type '{ component: ElementType<any, keyof IntrinsicElements>; }'.
  Overload 2 of 2, '(props: DefaultComponentProps<TypographyTypeMap<{}, "span">>): Element | null', gave the following error.
    Type '{ children: string; variant: "body1"; paragraph: true; sx: { fontSize: string; lineHeight: number; mb: number; }; }' is not assignable to type 'IntrinsicAttributes & TypographyOwnProps & CommonProps & Omit<DetailedHTMLProps<HTMLAttributes<HTMLSpanElement>, HTMLSpanElement>, "color" | ... 9 more ... | "variantMapping">'.
      Property 'paragraph' does not exist on type 'IntrinsicAttributes & TypographyOwnProps & CommonProps & Omit<DetailedHTMLProps<HTMLAttributes<HTMLSpanElement>, HTMLSpanElement>, "color" | ... 9 more ... | "variantMapping">'.
src/app/term-conditions/page.tsx(58,12): error TS2769: No overload matches this call.
  Overload 1 of 2, '(props: { component: ElementType<any, keyof IntrinsicElements>; } & TypographyOwnProps & CommonProps & Omit<any, "color" | ... 9 more ... | "variantMapping">): Element | null', gave the following error.
    Property 'component' is missing in type '{ children: string; variant: "body1"; paragraph: true; sx: { fontSize: string; lineHeight: number; mb: number; }; }' but required in type '{ component: ElementType<any, keyof IntrinsicElements>; }'.
  Overload 2 of 2, '(props: DefaultComponentProps<TypographyTypeMap<{}, "span">>): Element | null', gave the following error.
    Type '{ children: string; variant: "body1"; paragraph: true; sx: { fontSize: string; lineHeight: number; mb: number; }; }' is not assignable to type 'IntrinsicAttributes & TypographyOwnProps & CommonProps & Omit<DetailedHTMLProps<HTMLAttributes<HTMLSpanElement>, HTMLSpanElement>, "color" | ... 9 more ... | "variantMapping">'.
      Property 'paragraph' does not exist on type 'IntrinsicAttributes & TypographyOwnProps & CommonProps & Omit<DetailedHTMLProps<HTMLAttributes<HTMLSpanElement>, HTMLSpanElement>, "color" | ... 9 more ... | "variantMapping">'.
src/app/term-conditions/page.tsx(65,12): error TS2769: No overload matches this call.
  Overload 1 of 2, '(props: { component: ElementType<any, keyof IntrinsicElements>; } & TypographyOwnProps & CommonProps & Omit<any, "color" | ... 9 more ... | "variantMapping">): Element | null', gave the following error.
    Property 'component' is missing in type '{ children: string; variant: "body1"; paragraph: true; sx: { fontSize: string; lineHeight: number; mb: number; }; }' but required in type '{ component: ElementType<any, keyof IntrinsicElements>; }'.
  Overload 2 of 2, '(props: DefaultComponentProps<TypographyTypeMap<{}, "span">>): Element | null', gave the following error.
    Type '{ children: string; variant: "body1"; paragraph: true; sx: { fontSize: string; lineHeight: number; mb: number; }; }' is not assignable to type 'IntrinsicAttributes & TypographyOwnProps & CommonProps & Omit<DetailedHTMLProps<HTMLAttributes<HTMLSpanElement>, HTMLSpanElement>, "color" | ... 9 more ... | "variantMapping">'.
      Property 'paragraph' does not exist on type 'IntrinsicAttributes & TypographyOwnProps & CommonProps & Omit<DetailedHTMLProps<HTMLAttributes<HTMLSpanElement>, HTMLSpanElement>, "color" | ... 9 more ... | "variantMapping">'.
src/app/term-conditions/page.tsx(72,12): error TS2769: No overload matches this call.
  Overload 1 of 2, '(props: { component: ElementType<any, keyof IntrinsicElements>; } & TypographyOwnProps & CommonProps & Omit<any, "color" | ... 9 more ... | "variantMapping">): Element | null', gave the following error.
    Property 'component' is missing in type '{ children: string; variant: "body1"; paragraph: true; sx: { fontSize: string; lineHeight: number; mb: number; }; }' but required in type '{ component: ElementType<any, keyof IntrinsicElements>; }'.
  Overload 2 of 2, '(props: DefaultComponentProps<TypographyTypeMap<{}, "span">>): Element | null', gave the following error.
    Type '{ children: string; variant: "body1"; paragraph: true; sx: { fontSize: string; lineHeight: number; mb: number; }; }' is not assignable to type 'IntrinsicAttributes & TypographyOwnProps & CommonProps & Omit<DetailedHTMLProps<HTMLAttributes<HTMLSpanElement>, HTMLSpanElement>, "color" | ... 9 more ... | "variantMapping">'.
      Property 'paragraph' does not exist on type 'IntrinsicAttributes & TypographyOwnProps & CommonProps & Omit<DetailedHTMLProps<HTMLAttributes<HTMLSpanElement>, HTMLSpanElement>, "color" | ... 9 more ... | "variantMapping">'.
src/app/term-conditions/page.tsx(79,12): error TS2769: No overload matches this call.
  Overload 1 of 2, '(props: { component: ElementType<any, keyof IntrinsicElements>; } & TypographyOwnProps & CommonProps & Omit<any, "color" | ... 9 more ... | "variantMapping">): Element | null', gave the following error.
    Property 'component' is missing in type '{ children: (string | Element)[]; variant: "body1"; paragraph: true; sx: { fontSize: string; lineHeight: number; }; }' but required in type '{ component: ElementType<any, keyof IntrinsicElements>; }'.
  Overload 2 of 2, '(props: DefaultComponentProps<TypographyTypeMap<{}, "span">>): Element | null', gave the following error.
    Type '{ children: (string | Element)[]; variant: "body1"; paragraph: true; sx: { fontSize: string; lineHeight: number; }; }' is not assignable to type 'IntrinsicAttributes & TypographyOwnProps & CommonProps & Omit<DetailedHTMLProps<HTMLAttributes<HTMLSpanElement>, HTMLSpanElement>, "color" | ... 9 more ... | "variantMapping">'.
      Property 'paragraph' does not exist on type 'IntrinsicAttributes & TypographyOwnProps & CommonProps & Omit<DetailedHTMLProps<HTMLAttributes<HTMLSpanElement>, HTMLSpanElement>, "color" | ... 9 more ... | "variantMapping">'.
src/app/tools/ [slug]/page.tsx(5,45): error TS2724: '"@mui/material"' has no exported member named 'Grid2'. Did you mean 'Grid'?
src/app/tools/ [slug]/page.tsx(42,50): error TS2307: Cannot find module '@/components/tools/text/WordCharacterCounter' or its corresponding type declarations.
src/app/tools/[slug]/page.tsx(5,45): error TS2724: '"@mui/material"' has no exported member named 'Grid2'. Did you mean 'Grid'?
src/app/tools/[slug]/page.tsx(42,50): error TS2307: Cannot find module '@/components/tools/text/WordCharacterCounter' or its corresponding type declarations.
src/components/Footer.tsx(4,26): error TS2724: '"@mui/material"' has no exported member named 'Grid2'. Did you mean 'Grid'?
src/components/tools/calculator/AgeCalculator.tsx(110,10): error TS2769: No overload matches this call.
  Overload 1 of 2, '(props: { component: ElementType<any, keyof IntrinsicElements>; } & GridBaseProps & { sx?: SxProps<Theme> | undefined; } & Omit<...>): Element | null', gave the following error.
    Property 'component' is missing in type '{ children: ("" | Element)[]; item: true; xs: number; md: number; }' but required in type '{ component: ElementType<any, keyof IntrinsicElements>; }'.
  Overload 2 of 2, '(props: DefaultComponentProps<GridTypeMap<{}, "div">>): Element | null', gave the following error.
    Type '{ children: ("" | Element)[]; item: true; xs: number; md: number; }' is not assignable to type 'IntrinsicAttributes & GridBaseProps & { sx?: SxProps<Theme> | undefined; } & Omit<DetailedHTMLProps<HTMLAttributes<HTMLDivElement>, HTMLDivElement>, "sx" | keyof GridBaseProps>'.
      Property 'item' does not exist on type 'IntrinsicAttributes & GridBaseProps & { sx?: SxProps<Theme> | undefined; } & Omit<DetailedHTMLProps<HTMLAttributes<HTMLDivElement>, HTMLDivElement>, "sx" | keyof GridBaseProps>'.
src/components/tools/calculator/AgeCalculator.tsx(152,10): error TS2769: No overload matches this call.
  Overload 1 of 2, '(props: { component: ElementType<any, keyof IntrinsicElements>; } & GridBaseProps & { sx?: SxProps<Theme> | undefined; } & Omit<...>): Element | null', gave the following error.
    Property 'component' is missing in type '{ children: Element; item: true; xs: number; md: number; }' but required in type '{ component: ElementType<any, keyof IntrinsicElements>; }'.
  Overload 2 of 2, '(props: DefaultComponentProps<GridTypeMap<{}, "div">>): Element | null', gave the following error.
    Type '{ children: Element; item: true; xs: number; md: number; }' is not assignable to type 'IntrinsicAttributes & GridBaseProps & { sx?: SxProps<Theme> | undefined; } & Omit<DetailedHTMLProps<HTMLAttributes<HTMLDivElement>, HTMLDivElement>, "sx" | keyof GridBaseProps>'.
      Property 'item' does not exist on type 'IntrinsicAttributes & GridBaseProps & { sx?: SxProps<Theme> | undefined; } & Omit<DetailedHTMLProps<HTMLAttributes<HTMLDivElement>, HTMLDivElement>, "sx" | keyof GridBaseProps>'.
src/components/tools/calculator/AgeCalculator.tsx(211,20): error TS2769: No overload matches this call.
  Overload 1 of 2, '(props: { component: ElementType<any, keyof IntrinsicElements>; } & GridBaseProps & { sx?: SxProps<Theme> | undefined; } & Omit<...>): Element | null', gave the following error.
    Property 'component' is missing in type '{ children: Element[]; item: true; xs: number; }' but required in type '{ component: ElementType<any, keyof IntrinsicElements>; }'.
  Overload 2 of 2, '(props: DefaultComponentProps<GridTypeMap<{}, "div">>): Element | null', gave the following error.
    Type '{ children: Element[]; item: true; xs: number; }' is not assignable to type 'IntrinsicAttributes & GridBaseProps & { sx?: SxProps<Theme> | undefined; } & Omit<DetailedHTMLProps<HTMLAttributes<HTMLDivElement>, HTMLDivElement>, "sx" | keyof GridBaseProps>'.
      Property 'item' does not exist on type 'IntrinsicAttributes & GridBaseProps & { sx?: SxProps<Theme> | undefined; } & Omit<DetailedHTMLProps<HTMLAttributes<HTMLDivElement>, HTMLDivElement>, "sx" | keyof GridBaseProps>'.
src/components/tools/calculator/AgeCalculator.tsx(215,20): error TS2769: No overload matches this call.
  Overload 1 of 2, '(props: { component: ElementType<any, keyof IntrinsicElements>; } & GridBaseProps & { sx?: SxProps<Theme> | undefined; } & Omit<...>): Element | null', gave the following error.
    Property 'component' is missing in type '{ children: Element[]; item: true; xs: number; }' but required in type '{ component: ElementType<any, keyof IntrinsicElements>; }'.
  Overload 2 of 2, '(props: DefaultComponentProps<GridTypeMap<{}, "div">>): Element | null', gave the following error.
    Type '{ children: Element[]; item: true; xs: number; }' is not assignable to type 'IntrinsicAttributes & GridBaseProps & { sx?: SxProps<Theme> | undefined; } & Omit<DetailedHTMLProps<HTMLAttributes<HTMLDivElement>, HTMLDivElement>, "sx" | keyof GridBaseProps>'.
      Property 'item' does not exist on type 'IntrinsicAttributes & GridBaseProps & { sx?: SxProps<Theme> | undefined; } & Omit<DetailedHTMLProps<HTMLAttributes<HTMLDivElement>, HTMLDivElement>, "sx" | keyof GridBaseProps>'.
src/components/tools/calculator/AgeCalculator.tsx(219,20): error TS2769: No overload matches this call.
  Overload 1 of 2, '(props: { component: ElementType<any, keyof IntrinsicElements>; } & GridBaseProps & { sx?: SxProps<Theme> | undefined; } & Omit<...>): Element | null', gave the following error.
    Property 'component' is missing in type '{ children: Element[]; item: true; xs: number; }' but required in type '{ component: ElementType<any, keyof IntrinsicElements>; }'.
  Overload 2 of 2, '(props: DefaultComponentProps<GridTypeMap<{}, "div">>): Element | null', gave the following error.
    Type '{ children: Element[]; item: true; xs: number; }' is not assignable to type 'IntrinsicAttributes & GridBaseProps & { sx?: SxProps<Theme> | undefined; } & Omit<DetailedHTMLProps<HTMLAttributes<HTMLDivElement>, HTMLDivElement>, "sx" | keyof GridBaseProps>'.
      Property 'item' does not exist on type 'IntrinsicAttributes & GridBaseProps & { sx?: SxProps<Theme> | undefined; } & Omit<DetailedHTMLProps<HTMLAttributes<HTMLDivElement>, HTMLDivElement>, "sx" | keyof GridBaseProps>'.
src/components/tools/calculator/AgeCalculator.tsx(223,20): error TS2769: No overload matches this call.
  Overload 1 of 2, '(props: { component: ElementType<any, keyof IntrinsicElements>; } & GridBaseProps & { sx?: SxProps<Theme> | undefined; } & Omit<...>): Element | null', gave the following error.
    Property 'component' is missing in type '{ children: Element[]; item: true; xs: number; }' but required in type '{ component: ElementType<any, keyof IntrinsicElements>; }'.
  Overload 2 of 2, '(props: DefaultComponentProps<GridTypeMap<{}, "div">>): Element | null', gave the following error.
    Type '{ children: Element[]; item: true; xs: number; }' is not assignable to type 'IntrinsicAttributes & GridBaseProps & { sx?: SxProps<Theme> | undefined; } & Omit<DetailedHTMLProps<HTMLAttributes<HTMLDivElement>, HTMLDivElement>, "sx" | keyof GridBaseProps>'.
      Property 'item' does not exist on type 'IntrinsicAttributes & GridBaseProps & { sx?: SxProps<Theme> | undefined; } & Omit<DetailedHTMLProps<HTMLAttributes<HTMLDivElement>, HTMLDivElement>, "sx" | keyof GridBaseProps>'.
src/components/tools/calculator/BmiCalculator.tsx(132,10): error TS2769: No overload matches this call.
  Overload 1 of 2, '(props: { component: ElementType<any, keyof IntrinsicElements>; } & GridBaseProps & { sx?: SxProps<Theme> | undefined; } & Omit<...>): Element | null', gave the following error.
    Property 'component' is missing in type '{ children: ("" | Element)[]; item: true; xs: number; md: number; }' but required in type '{ component: ElementType<any, keyof IntrinsicElements>; }'.
  Overload 2 of 2, '(props: DefaultComponentProps<GridTypeMap<{}, "div">>): Element | null', gave the following error.
    Type '{ children: ("" | Element)[]; item: true; xs: number; md: number; }' is not assignable to type 'IntrinsicAttributes & GridBaseProps & { sx?: SxProps<Theme> | undefined; } & Omit<DetailedHTMLProps<HTMLAttributes<HTMLDivElement>, HTMLDivElement>, "sx" | keyof GridBaseProps>'.
      Property 'item' does not exist on type 'IntrinsicAttributes & GridBaseProps & { sx?: SxProps<Theme> | undefined; } & Omit<DetailedHTMLProps<HTMLAttributes<HTMLDivElement>, HTMLDivElement>, "sx" | keyof GridBaseProps>'.
src/components/tools/calculator/BmiCalculator.tsx(162,18): error TS2769: No overload matches this call.
  Overload 1 of 2, '(props: { component: ElementType<any, keyof IntrinsicElements>; } & GridBaseProps & { sx?: SxProps<Theme> | undefined; } & Omit<...>): Element | null', gave the following error.
    Property 'component' is missing in type '{ children: Element; item: true; xs: number; }' but required in type '{ component: ElementType<any, keyof IntrinsicElements>; }'.
  Overload 2 of 2, '(props: DefaultComponentProps<GridTypeMap<{}, "div">>): Element | null', gave the following error.
    Type '{ children: Element; item: true; xs: number; }' is not assignable to type 'IntrinsicAttributes & GridBaseProps & { sx?: SxProps<Theme> | undefined; } & Omit<DetailedHTMLProps<HTMLAttributes<HTMLDivElement>, HTMLDivElement>, "sx" | keyof GridBaseProps>'.
      Property 'item' does not exist on type 'IntrinsicAttributes & GridBaseProps & { sx?: SxProps<Theme> | undefined; } & Omit<DetailedHTMLProps<HTMLAttributes<HTMLDivElement>, HTMLDivElement>, "sx" | keyof GridBaseProps>'.
src/components/tools/calculator/BmiCalculator.tsx(175,18): error TS2769: No overload matches this call.
  Overload 1 of 2, '(props: { component: ElementType<any, keyof IntrinsicElements>; } & GridBaseProps & { sx?: SxProps<Theme> | undefined; } & Omit<...>): Element | null', gave the following error.
    Property 'component' is missing in type '{ children: Element; item: true; xs: number; }' but required in type '{ component: ElementType<any, keyof IntrinsicElements>; }'.
  Overload 2 of 2, '(props: DefaultComponentProps<GridTypeMap<{}, "div">>): Element | null', gave the following error.
    Type '{ children: Element; item: true; xs: number; }' is not assignable to type 'IntrinsicAttributes & GridBaseProps & { sx?: SxProps<Theme> | undefined; } & Omit<DetailedHTMLProps<HTMLAttributes<HTMLDivElement>, HTMLDivElement>, "sx" | keyof GridBaseProps>'.
      Property 'item' does not exist on type 'IntrinsicAttributes & GridBaseProps & { sx?: SxProps<Theme> | undefined; } & Omit<DetailedHTMLProps<HTMLAttributes<HTMLDivElement>, HTMLDivElement>, "sx" | keyof GridBaseProps>'.
src/components/tools/calculator/BmiCalculator.tsx(230,10): error TS2769: No overload matches this call.
  Overload 1 of 2, '(props: { component: ElementType<any, keyof IntrinsicElements>; } & GridBaseProps & { sx?: SxProps<Theme> | undefined; } & Omit<...>): Element | null', gave the following error.
    Property 'component' is missing in type '{ children: Element; item: true; xs: number; md: number; }' but required in type '{ component: ElementType<any, keyof IntrinsicElements>; }'.
  Overload 2 of 2, '(props: DefaultComponentProps<GridTypeMap<{}, "div">>): Element | null', gave the following error.
    Type '{ children: Element; item: true; xs: number; md: number; }' is not assignable to type 'IntrinsicAttributes & GridBaseProps & { sx?: SxProps<Theme> | undefined; } & Omit<DetailedHTMLProps<HTMLAttributes<HTMLDivElement>, HTMLDivElement>, "sx" | keyof GridBaseProps>'.
      Property 'item' does not exist on type 'IntrinsicAttributes & GridBaseProps & { sx?: SxProps<Theme> | undefined; } & Omit<DetailedHTMLProps<HTMLAttributes<HTMLDivElement>, HTMLDivElement>, "sx" | keyof GridBaseProps>'.
src/components/tools/calculator/BmiCalculator.tsx(286,20): error TS2769: No overload matches this call.
  Overload 1 of 2, '(props: { component: ElementType<any, keyof IntrinsicElements>; } & GridBaseProps & { sx?: SxProps<Theme> | undefined; } & Omit<...>): Element | null', gave the following error.
    Property 'component' is missing in type '{ children: Element[]; item: true; xs: number; }' but required in type '{ component: ElementType<any, keyof IntrinsicElements>; }'.
  Overload 2 of 2, '(props: DefaultComponentProps<GridTypeMap<{}, "div">>): Element | null', gave the following error.
    Type '{ children: Element[]; item: true; xs: number; }' is not assignable to type 'IntrinsicAttributes & GridBaseProps & { sx?: SxProps<Theme> | undefined; } & Omit<DetailedHTMLProps<HTMLAttributes<HTMLDivElement>, HTMLDivElement>, "sx" | keyof GridBaseProps>'.
      Property 'item' does not exist on type 'IntrinsicAttributes & GridBaseProps & { sx?: SxProps<Theme> | undefined; } & Omit<DetailedHTMLProps<HTMLAttributes<HTMLDivElement>, HTMLDivElement>, "sx" | keyof GridBaseProps>'.
src/components/tools/calculator/BmiCalculator.tsx(290,20): error TS2769: No overload matches this call.
  Overload 1 of 2, '(props: { component: ElementType<any, keyof IntrinsicElements>; } & GridBaseProps & { sx?: SxProps<Theme> | undefined; } & Omit<...>): Element | null', gave the following error.
    Property 'component' is missing in type '{ children: Element[]; item: true; xs: number; }' but required in type '{ component: ElementType<any, keyof IntrinsicElements>; }'.
  Overload 2 of 2, '(props: DefaultComponentProps<GridTypeMap<{}, "div">>): Element | null', gave the following error.
    Type '{ children: Element[]; item: true; xs: number; }' is not assignable to type 'IntrinsicAttributes & GridBaseProps & { sx?: SxProps<Theme> | undefined; } & Omit<DetailedHTMLProps<HTMLAttributes<HTMLDivElement>, HTMLDivElement>, "sx" | keyof GridBaseProps>'.
      Property 'item' does not exist on type 'IntrinsicAttributes & GridBaseProps & { sx?: SxProps<Theme> | undefined; } & Omit<DetailedHTMLProps<HTMLAttributes<HTMLDivElement>, HTMLDivElement>, "sx" | keyof GridBaseProps>'.
src/components/tools/calculator/BmiCalculator.tsx(294,20): error TS2769: No overload matches this call.
  Overload 1 of 2, '(props: { component: ElementType<any, keyof IntrinsicElements>; } & GridBaseProps & { sx?: SxProps<Theme> | undefined; } & Omit<...>): Element | null', gave the following error.
    Property 'component' is missing in type '{ children: Element[]; item: true; xs: number; }' but required in type '{ component: ElementType<any, keyof IntrinsicElements>; }'.
  Overload 2 of 2, '(props: DefaultComponentProps<GridTypeMap<{}, "div">>): Element | null', gave the following error.
    Type '{ children: Element[]; item: true; xs: number; }' is not assignable to type 'IntrinsicAttributes & GridBaseProps & { sx?: SxProps<Theme> | undefined; } & Omit<DetailedHTMLProps<HTMLAttributes<HTMLDivElement>, HTMLDivElement>, "sx" | keyof GridBaseProps>'.
      Property 'item' does not exist on type 'IntrinsicAttributes & GridBaseProps & { sx?: SxProps<Theme> | undefined; } & Omit<DetailedHTMLProps<HTMLAttributes<HTMLDivElement>, HTMLDivElement>, "sx" | keyof GridBaseProps>'.
src/components/tools/calculator/BmiCalculator.tsx(298,20): error TS2769: No overload matches this call.
  Overload 1 of 2, '(props: { component: ElementType<any, keyof IntrinsicElements>; } & GridBaseProps & { sx?: SxProps<Theme> | undefined; } & Omit<...>): Element | null', gave the following error.
    Property 'component' is missing in type '{ children: Element[]; item: true; xs: number; }' but required in type '{ component: ElementType<any, keyof IntrinsicElements>; }'.
  Overload 2 of 2, '(props: DefaultComponentProps<GridTypeMap<{}, "div">>): Element | null', gave the following error.
    Type '{ children: Element[]; item: true; xs: number; }' is not assignable to type 'IntrinsicAttributes & GridBaseProps & { sx?: SxProps<Theme> | undefined; } & Omit<DetailedHTMLProps<HTMLAttributes<HTMLDivElement>, HTMLDivElement>, "sx" | keyof GridBaseProps>'.
      Property 'item' does not exist on type 'IntrinsicAttributes & GridBaseProps & { sx?: SxProps<Theme> | undefined; } & Omit<DetailedHTMLProps<HTMLAttributes<HTMLDivElement>, HTMLDivElement>, "sx" | keyof GridBaseProps>'.
src/components/tools/calculator/CurrencyConverter.tsx(107,10): error TS2769: No overload matches this call.
  Overload 1 of 2, '(props: { component: ElementType<any, keyof IntrinsicElements>; } & GridBaseProps & { sx?: SxProps<Theme> | undefined; } & Omit<...>): Element | null', gave the following error.
    Property 'component' is missing in type '{ children: ("" | Element)[]; item: true; xs: number; md: number; }' but required in type '{ component: ElementType<any, keyof IntrinsicElements>; }'.
  Overload 2 of 2, '(props: DefaultComponentProps<GridTypeMap<{}, "div">>): Element | null', gave the following error.
    Type '{ children: ("" | Element)[]; item: true; xs: number; md: number; }' is not assignable to type 'IntrinsicAttributes & GridBaseProps & { sx?: SxProps<Theme> | undefined; } & Omit<DetailedHTMLProps<HTMLAttributes<HTMLDivElement>, HTMLDivElement>, "sx" | keyof GridBaseProps>'.
      Property 'item' does not exist on type 'IntrinsicAttributes & GridBaseProps & { sx?: SxProps<Theme> | undefined; } & Omit<DetailedHTMLProps<HTMLAttributes<HTMLDivElement>, HTMLDivElement>, "sx" | keyof GridBaseProps>'.
src/components/tools/calculator/CurrencyConverter.tsx(212,10): error TS2769: No overload matches this call.
  Overload 1 of 2, '(props: { component: ElementType<any, keyof IntrinsicElements>; } & GridBaseProps & { sx?: SxProps<Theme> | undefined; } & Omit<...>): Element | null', gave the following error.
    Property 'component' is missing in type '{ children: Element; item: true; xs: number; md: number; }' but required in type '{ component: ElementType<any, keyof IntrinsicElements>; }'.
  Overload 2 of 2, '(props: DefaultComponentProps<GridTypeMap<{}, "div">>): Element | null', gave the following error.
    Type '{ children: Element; item: true; xs: number; md: number; }' is not assignable to type 'IntrinsicAttributes & GridBaseProps & { sx?: SxProps<Theme> | undefined; } & Omit<DetailedHTMLProps<HTMLAttributes<HTMLDivElement>, HTMLDivElement>, "sx" | keyof GridBaseProps>'.
      Property 'item' does not exist on type 'IntrinsicAttributes & GridBaseProps & { sx?: SxProps<Theme> | undefined; } & Omit<DetailedHTMLProps<HTMLAttributes<HTMLDivElement>, HTMLDivElement>, "sx" | keyof GridBaseProps>'.
src/components/tools/calculator/GstCalculator.tsx(104,10): error TS2769: No overload matches this call.
  Overload 1 of 2, '(props: { component: ElementType<any, keyof IntrinsicElements>; } & GridBaseProps & { sx?: SxProps<Theme> | undefined; } & Omit<...>): Element | null', gave the following error.
    Property 'component' is missing in type '{ children: ("" | Element)[]; item: true; xs: number; md: number; }' but required in type '{ component: ElementType<any, keyof IntrinsicElements>; }'.
  Overload 2 of 2, '(props: DefaultComponentProps<GridTypeMap<{}, "div">>): Element | null', gave the following error.
    Type '{ children: ("" | Element)[]; item: true; xs: number; md: number; }' is not assignable to type 'IntrinsicAttributes & GridBaseProps & { sx?: SxProps<Theme> | undefined; } & Omit<DetailedHTMLProps<HTMLAttributes<HTMLDivElement>, HTMLDivElement>, "sx" | keyof GridBaseProps>'.
      Property 'item' does not exist on type 'IntrinsicAttributes & GridBaseProps & { sx?: SxProps<Theme> | undefined; } & Omit<DetailedHTMLProps<HTMLAttributes<HTMLDivElement>, HTMLDivElement>, "sx" | keyof GridBaseProps>'.
src/components/tools/calculator/GstCalculator.tsx(152,20): error TS2769: No overload matches this call.
  Overload 1 of 2, '(props: { component: ElementType<any, keyof IntrinsicElements>; } & GridBaseProps & { sx?: SxProps<Theme> | undefined; } & Omit<...>): Element | null', gave the following error.
    Property 'component' is missing in type '{ children: Element; item: true; xs: number; key: number; }' but required in type '{ component: ElementType<any, keyof IntrinsicElements>; }'.
  Overload 2 of 2, '(props: DefaultComponentProps<GridTypeMap<{}, "div">>): Element | null', gave the following error.
    Type '{ children: Element; item: true; xs: number; key: number; }' is not assignable to type 'IntrinsicAttributes & GridBaseProps & { sx?: SxProps<Theme> | undefined; } & Omit<DetailedHTMLProps<HTMLAttributes<HTMLDivElement>, HTMLDivElement>, "sx" | keyof GridBaseProps>'.
      Property 'item' does not exist on type 'IntrinsicAttributes & GridBaseProps & { sx?: SxProps<Theme> | undefined; } & Omit<DetailedHTMLProps<HTMLAttributes<HTMLDivElement>, HTMLDivElement>, "sx" | keyof GridBaseProps>'.
src/components/tools/calculator/GstCalculator.tsx(187,10): error TS2769: No overload matches this call.
  Overload 1 of 2, '(props: { component: ElementType<any, keyof IntrinsicElements>; } & GridBaseProps & { sx?: SxProps<Theme> | undefined; } & Omit<...>): Element | null', gave the following error.
    Property 'component' is missing in type '{ children: Element; item: true; xs: number; md: number; }' but required in type '{ component: ElementType<any, keyof IntrinsicElements>; }'.
  Overload 2 of 2, '(props: DefaultComponentProps<GridTypeMap<{}, "div">>): Element | null', gave the following error.
    Type '{ children: Element; item: true; xs: number; md: number; }' is not assignable to type 'IntrinsicAttributes & GridBaseProps & { sx?: SxProps<Theme> | undefined; } & Omit<DetailedHTMLProps<HTMLAttributes<HTMLDivElement>, HTMLDivElement>, "sx" | keyof GridBaseProps>'.
      Property 'item' does not exist on type 'IntrinsicAttributes & GridBaseProps & { sx?: SxProps<Theme> | undefined; } & Omit<DetailedHTMLProps<HTMLAttributes<HTMLDivElement>, HTMLDivElement>, "sx" | keyof GridBaseProps>'.
src/components/tools/calculator/LoanEmiCalculator.tsx(133,10): error TS2769: No overload matches this call.
  Overload 1 of 2, '(props: { component: ElementType<any, keyof IntrinsicElements>; } & GridBaseProps & { sx?: SxProps<Theme> | undefined; } & Omit<...>): Element | null', gave the following error.
    Property 'component' is missing in type '{ children: ("" | Element)[]; item: true; xs: number; md: number; }' but required in type '{ component: ElementType<any, keyof IntrinsicElements>; }'.
  Overload 2 of 2, '(props: DefaultComponentProps<GridTypeMap<{}, "div">>): Element | null', gave the following error.
    Type '{ children: ("" | Element)[]; item: true; xs: number; md: number; }' is not assignable to type 'IntrinsicAttributes & GridBaseProps & { sx?: SxProps<Theme> | undefined; } & Omit<DetailedHTMLProps<HTMLAttributes<HTMLDivElement>, HTMLDivElement>, "sx" | keyof GridBaseProps>'.
      Property 'item' does not exist on type 'IntrinsicAttributes & GridBaseProps & { sx?: SxProps<Theme> | undefined; } & Omit<DetailedHTMLProps<HTMLAttributes<HTMLDivElement>, HTMLDivElement>, "sx" | keyof GridBaseProps>'.
src/components/tools/calculator/LoanEmiCalculator.tsx(160,16): error TS2769: No overload matches this call.
  Overload 1 of 2, '(props: { component: ElementType<any, keyof IntrinsicElements>; } & GridBaseProps & { sx?: SxProps<Theme> | undefined; } & Omit<...>): Element | null', gave the following error.
    Property 'component' is missing in type '{ children: Element; item: true; xs: number; }' but required in type '{ component: ElementType<any, keyof IntrinsicElements>; }'.
  Overload 2 of 2, '(props: DefaultComponentProps<GridTypeMap<{}, "div">>): Element | null', gave the following error.
    Type '{ children: Element; item: true; xs: number; }' is not assignable to type 'IntrinsicAttributes & GridBaseProps & { sx?: SxProps<Theme> | undefined; } & Omit<DetailedHTMLProps<HTMLAttributes<HTMLDivElement>, HTMLDivElement>, "sx" | keyof GridBaseProps>'.
      Property 'item' does not exist on type 'IntrinsicAttributes & GridBaseProps & { sx?: SxProps<Theme> | undefined; } & Omit<DetailedHTMLProps<HTMLAttributes<HTMLDivElement>, HTMLDivElement>, "sx" | keyof GridBaseProps>'.
src/components/tools/calculator/LoanEmiCalculator.tsx(170,16): error TS2769: No overload matches this call.
  Overload 1 of 2, '(props: { component: ElementType<any, keyof IntrinsicElements>; } & GridBaseProps & { sx?: SxProps<Theme> | undefined; } & Omit<...>): Element | null', gave the following error.
    Property 'component' is missing in type '{ children: Element; item: true; xs: number; }' but required in type '{ component: ElementType<any, keyof IntrinsicElements>; }'.
  Overload 2 of 2, '(props: DefaultComponentProps<GridTypeMap<{}, "div">>): Element | null', gave the following error.
    Type '{ children: Element; item: true; xs: number; }' is not assignable to type 'IntrinsicAttributes & GridBaseProps & { sx?: SxProps<Theme> | undefined; } & Omit<DetailedHTMLProps<HTMLAttributes<HTMLDivElement>, HTMLDivElement>, "sx" | keyof GridBaseProps>'.
      Property 'item' does not exist on type 'IntrinsicAttributes & GridBaseProps & { sx?: SxProps<Theme> | undefined; } & Omit<DetailedHTMLProps<HTMLAttributes<HTMLDivElement>, HTMLDivElement>, "sx" | keyof GridBaseProps>'.
src/components/tools/calculator/LoanEmiCalculator.tsx(206,10): error TS2769: No overload matches this call.
  Overload 1 of 2, '(props: { component: ElementType<any, keyof IntrinsicElements>; } & GridBaseProps & { sx?: SxProps<Theme> | undefined; } & Omit<...>): Element | null', gave the following error.
    Property 'component' is missing in type '{ children: Element; item: true; xs: number; md: number; }' but required in type '{ component: ElementType<any, keyof IntrinsicElements>; }'.
  Overload 2 of 2, '(props: DefaultComponentProps<GridTypeMap<{}, "div">>): Element | null', gave the following error.
    Type '{ children: Element; item: true; xs: number; md: number; }' is not assignable to type 'IntrinsicAttributes & GridBaseProps & { sx?: SxProps<Theme> | undefined; } & Omit<DetailedHTMLProps<HTMLAttributes<HTMLDivElement>, HTMLDivElement>, "sx" | keyof GridBaseProps>'.
      Property 'item' does not exist on type 'IntrinsicAttributes & GridBaseProps & { sx?: SxProps<Theme> | undefined; } & Omit<DetailedHTMLProps<HTMLAttributes<HTMLDivElement>, HTMLDivElement>, "sx" | keyof GridBaseProps>'.
src/components/tools/calculator/LoanEmiCalculator.tsx(242,20): error TS2769: No overload matches this call.
  Overload 1 of 2, '(props: { component: ElementType<any, keyof IntrinsicElements>; } & GridBaseProps & { sx?: SxProps<Theme> | undefined; } & Omit<...>): Element | null', gave the following error.
    Property 'component' is missing in type '{ children: Element[]; item: true; xs: number; }' but required in type '{ component: ElementType<any, keyof IntrinsicElements>; }'.
  Overload 2 of 2, '(props: DefaultComponentProps<GridTypeMap<{}, "div">>): Element | null', gave the following error.
    Type '{ children: Element[]; item: true; xs: number; }' is not assignable to type 'IntrinsicAttributes & GridBaseProps & { sx?: SxProps<Theme> | undefined; } & Omit<DetailedHTMLProps<HTMLAttributes<HTMLDivElement>, HTMLDivElement>, "sx" | keyof GridBaseProps>'.
      Property 'item' does not exist on type 'IntrinsicAttributes & GridBaseProps & { sx?: SxProps<Theme> | undefined; } & Omit<DetailedHTMLProps<HTMLAttributes<HTMLDivElement>, HTMLDivElement>, "sx" | keyof GridBaseProps>'.
src/components/tools/calculator/LoanEmiCalculator.tsx(248,20): error TS2769: No overload matches this call.
  Overload 1 of 2, '(props: { component: ElementType<any, keyof IntrinsicElements>; } & GridBaseProps & { sx?: SxProps<Theme> | undefined; } & Omit<...>): Element | null', gave the following error.
    Property 'component' is missing in type '{ children: Element[]; item: true; xs: number; }' but required in type '{ component: ElementType<any, keyof IntrinsicElements>; }'.
  Overload 2 of 2, '(props: DefaultComponentProps<GridTypeMap<{}, "div">>): Element | null', gave the following error.
    Type '{ children: Element[]; item: true; xs: number; }' is not assignable to type 'IntrinsicAttributes & GridBaseProps & { sx?: SxProps<Theme> | undefined; } & Omit<DetailedHTMLProps<HTMLAttributes<HTMLDivElement>, HTMLDivElement>, "sx" | keyof GridBaseProps>'.
      Property 'item' does not exist on type 'IntrinsicAttributes & GridBaseProps & { sx?: SxProps<Theme> | undefined; } & Omit<DetailedHTMLProps<HTMLAttributes<HTMLDivElement>, HTMLDivElement>, "sx" | keyof GridBaseProps>'.
src/components/tools/calculator/ScientificCalculator.tsx(204,18): error TS2769: No overload matches this call.
  Overload 1 of 2, '(props: { component: ElementType<any, keyof IntrinsicElements>; } & GridBaseProps & { sx?: SxProps<Theme> | undefined; } & Omit<...>): Element | null', gave the following error.
    Property 'component' is missing in type '{ children: Element; item: true; xs: number; key: number; }' but required in type '{ component: ElementType<any, keyof IntrinsicElements>; }'.
  Overload 2 of 2, '(props: DefaultComponentProps<GridTypeMap<{}, "div">>): Element | null', gave the following error.
    Type '{ children: Element; item: true; xs: number; key: number; }' is not assignable to type 'IntrinsicAttributes & GridBaseProps & { sx?: SxProps<Theme> | undefined; } & Omit<DetailedHTMLProps<HTMLAttributes<HTMLDivElement>, HTMLDivElement>, "sx" | keyof GridBaseProps>'.
      Property 'item' does not exist on type 'IntrinsicAttributes & GridBaseProps & { sx?: SxProps<Theme> | undefined; } & Omit<DetailedHTMLProps<HTMLAttributes<HTMLDivElement>, HTMLDivElement>, "sx" | keyof GridBaseProps>'.
src/components/tools/color/ColorBlindnessSimulator.tsx(10,3): error TS2724: '"@mui/material"' has no exported member named 'Grid2'. Did you mean 'Grid'?
src/components/tools/color/ColorBlindnessSimulator.tsx(141,16): error TS2769: No overload matches this call.
  Overload 1 of 2, '(props: { component: ElementType<any, keyof IntrinsicElements>; } & StackOwnProps & CommonProps & Omit<any, keyof CommonProps | keyof StackOwnProps>): Element | null', gave the following error.
    Property 'component' is missing in type '{ children: Element[]; direction: { xs: "column"; sm: "row"; }; spacing: number; alignItems: string; justifyContent: string; useFlexGap: true; flexWrap: string; }' but required in type '{ component: ElementType<any, keyof IntrinsicElements>; }'.
  Overload 2 of 2, '(props: DefaultComponentProps<StackTypeMap<{}, "div">>): Element | null', gave the following error.
    Type '{ children: Element[]; direction: { xs: "column"; sm: "row"; }; spacing: number; alignItems: string; justifyContent: string; useFlexGap: true; flexWrap: string; }' is not assignable to type 'IntrinsicAttributes & StackOwnProps & CommonProps & Omit<DetailedHTMLProps<HTMLAttributes<HTMLDivElement>, HTMLDivElement>, keyof CommonProps | keyof StackOwnProps>'.
      Property 'alignItems' does not exist on type 'IntrinsicAttributes & StackOwnProps & CommonProps & Omit<DetailedHTMLProps<HTMLAttributes<HTMLDivElement>, HTMLDivElement>, keyof CommonProps | keyof StackOwnProps>'.
src/components/tools/color/ColorBlindnessSimulator.tsx(149,18): error TS2769: No overload matches this call.
  Overload 1 of 2, '(props: { component: ElementType<any, keyof IntrinsicElements>; } & StackOwnProps & CommonProps & Omit<any, keyof CommonProps | keyof StackOwnProps>): Element | null', gave the following error.
    Property 'component' is missing in type '{ children: (false | Element)[]; direction: "row"; spacing: number; alignItems: string; }' but required in type '{ component: ElementType<any, keyof IntrinsicElements>; }'.
  Overload 2 of 2, '(props: DefaultComponentProps<StackTypeMap<{}, "div">>): Element | null', gave the following error.
    Type '{ children: (false | Element)[]; direction: "row"; spacing: number; alignItems: string; }' is not assignable to type 'IntrinsicAttributes & StackOwnProps & CommonProps & Omit<DetailedHTMLProps<HTMLAttributes<HTMLDivElement>, HTMLDivElement>, keyof CommonProps | keyof StackOwnProps>'.
      Property 'alignItems' does not exist on type 'IntrinsicAttributes & StackOwnProps & CommonProps & Omit<DetailedHTMLProps<HTMLAttributes<HTMLDivElement>, HTMLDivElement>, keyof CommonProps | keyof StackOwnProps>'.
src/components/tools/color/ColorPickerFromImage.tsx(10,3): error TS2724: '"@mui/material"' has no exported member named 'Grid2'. Did you mean 'Grid'?
src/components/tools/color/ColorPickerFromImage.tsx(235,18): error TS2769: No overload matches this call.
  Overload 1 of 2, '(props: { component: ElementType<any, keyof IntrinsicElements>; } & StackOwnProps & CommonProps & Omit<any, keyof CommonProps | keyof StackOwnProps>): Element | null', gave the following error.
    Property 'component' is missing in type '{ children: Element[]; direction: "row"; spacing: number; sx: { mt: number; }; justifyContent: string; alignItems: string; }' but required in type '{ component: ElementType<any, keyof IntrinsicElements>; }'.
  Overload 2 of 2, '(props: DefaultComponentProps<StackTypeMap<{}, "div">>): Element | null', gave the following error.
    Type '{ children: Element[]; direction: "row"; spacing: number; sx: { mt: number; }; justifyContent: string; alignItems: string; }' is not assignable to type 'IntrinsicAttributes & StackOwnProps & CommonProps & Omit<DetailedHTMLProps<HTMLAttributes<HTMLDivElement>, HTMLDivElement>, keyof CommonProps | keyof StackOwnProps>'.
      Property 'justifyContent' does not exist on type 'IntrinsicAttributes & StackOwnProps & CommonProps & Omit<DetailedHTMLProps<HTMLAttributes<HTMLDivElement>, HTMLDivElement>, keyof CommonProps | keyof StackOwnProps>'.
src/components/tools/color/ColorPickerFromImage.tsx(282,22): error TS2769: No overload matches this call.
  Overload 1 of 2, '(props: { component: ElementType<any, keyof IntrinsicElements>; } & TypographyOwnProps & CommonProps & Omit<any, "color" | ... 9 more ... | "variantMapping">): Element | null', gave the following error.
    Property 'component' is missing in type '{ children: string; variant: "caption"; color: "text.secondary"; display: string; }' but required in type '{ component: ElementType<any, keyof IntrinsicElements>; }'.
  Overload 2 of 2, '(props: DefaultComponentProps<TypographyTypeMap<{}, "span">>): Element | null', gave the following error.
    Type '{ children: string; variant: "caption"; color: "text.secondary"; display: string; }' is not assignable to type 'IntrinsicAttributes & TypographyOwnProps & CommonProps & Omit<DetailedHTMLProps<HTMLAttributes<HTMLSpanElement>, HTMLSpanElement>, "color" | ... 9 more ... | "variantMapping">'.
      Property 'display' does not exist on type 'IntrinsicAttributes & TypographyOwnProps & CommonProps & Omit<DetailedHTMLProps<HTMLAttributes<HTMLSpanElement>, HTMLSpanElement>, "color" | ... 9 more ... | "variantMapping">'.
src/components/tools/color/ColorPickerFromImage.tsx(285,22): error TS2769: No overload matches this call.
  Overload 1 of 2, '(props: { component: ElementType<any, keyof IntrinsicElements>; } & StackOwnProps & CommonProps & Omit<any, keyof CommonProps | keyof StackOwnProps>): Element | null', gave the following error.
    Property 'component' is missing in type '{ children: Element[]; direction: "row"; spacing: number; alignItems: string; }' but required in type '{ component: ElementType<any, keyof IntrinsicElements>; }'.
  Overload 2 of 2, '(props: DefaultComponentProps<StackTypeMap<{}, "div">>): Element | null', gave the following error.
    Type '{ children: Element[]; direction: "row"; spacing: number; alignItems: string; }' is not assignable to type 'IntrinsicAttributes & StackOwnProps & CommonProps & Omit<DetailedHTMLProps<HTMLAttributes<HTMLDivElement>, HTMLDivElement>, keyof CommonProps | keyof StackOwnProps>'.
      Property 'alignItems' does not exist on type 'IntrinsicAttributes & StackOwnProps & CommonProps & Omit<DetailedHTMLProps<HTMLAttributes<HTMLDivElement>, HTMLDivElement>, keyof CommonProps | keyof StackOwnProps>'.
src/components/tools/color/ColorPickerFromImage.tsx(298,22): error TS2769: No overload matches this call.
  Overload 1 of 2, '(props: { component: ElementType<any, keyof IntrinsicElements>; } & TypographyOwnProps & CommonProps & Omit<any, "color" | ... 9 more ... | "variantMapping">): Element | null', gave the following error.
    Property 'component' is missing in type '{ children: string; variant: "caption"; color: "text.secondary"; display: string; }' but required in type '{ component: ElementType<any, keyof IntrinsicElements>; }'.
  Overload 2 of 2, '(props: DefaultComponentProps<TypographyTypeMap<{}, "span">>): Element | null', gave the following error.
    Type '{ children: string; variant: "caption"; color: "text.secondary"; display: string; }' is not assignable to type 'IntrinsicAttributes & TypographyOwnProps & CommonProps & Omit<DetailedHTMLProps<HTMLAttributes<HTMLSpanElement>, HTMLSpanElement>, "color" | ... 9 more ... | "variantMapping">'.
      Property 'display' does not exist on type 'IntrinsicAttributes & TypographyOwnProps & CommonProps & Omit<DetailedHTMLProps<HTMLAttributes<HTMLSpanElement>, HTMLSpanElement>, "color" | ... 9 more ... | "variantMapping">'.
src/components/tools/color/ColorPickerFromImage.tsx(301,22): error TS2769: No overload matches this call.
  Overload 1 of 2, '(props: { component: ElementType<any, keyof IntrinsicElements>; } & StackOwnProps & CommonProps & Omit<any, keyof CommonProps | keyof StackOwnProps>): Element | null', gave the following error.
    Property 'component' is missing in type '{ children: Element[]; direction: "row"; spacing: number; alignItems: string; }' but required in type '{ component: ElementType<any, keyof IntrinsicElements>; }'.
  Overload 2 of 2, '(props: DefaultComponentProps<StackTypeMap<{}, "div">>): Element | null', gave the following error.
    Type '{ children: Element[]; direction: "row"; spacing: number; alignItems: string; }' is not assignable to type 'IntrinsicAttributes & StackOwnProps & CommonProps & Omit<DetailedHTMLProps<HTMLAttributes<HTMLDivElement>, HTMLDivElement>, keyof CommonProps | keyof StackOwnProps>'.
      Property 'alignItems' does not exist on type 'IntrinsicAttributes & StackOwnProps & CommonProps & Omit<DetailedHTMLProps<HTMLAttributes<HTMLDivElement>, HTMLDivElement>, keyof CommonProps | keyof StackOwnProps>'.
src/components/tools/color/ColorPickerFromImage.tsx(317,22): error TS2769: No overload matches this call.
  Overload 1 of 2, '(props: { component: ElementType<any, keyof IntrinsicElements>; } & TypographyOwnProps & CommonProps & Omit<any, "color" | ... 9 more ... | "variantMapping">): Element | null', gave the following error.
    Property 'component' is missing in type '{ children: string; variant: "caption"; color: "text.secondary"; display: string; }' but required in type '{ component: ElementType<any, keyof IntrinsicElements>; }'.
  Overload 2 of 2, '(props: DefaultComponentProps<TypographyTypeMap<{}, "span">>): Element | null', gave the following error.
    Type '{ children: string; variant: "caption"; color: "text.secondary"; display: string; }' is not assignable to type 'IntrinsicAttributes & TypographyOwnProps & CommonProps & Omit<DetailedHTMLProps<HTMLAttributes<HTMLSpanElement>, HTMLSpanElement>, "color" | ... 9 more ... | "variantMapping">'.
      Property 'display' does not exist on type 'IntrinsicAttributes & TypographyOwnProps & CommonProps & Omit<DetailedHTMLProps<HTMLAttributes<HTMLSpanElement>, HTMLSpanElement>, "color" | ... 9 more ... | "variantMapping">'.
src/components/tools/color/ColorPickerFromImage.tsx(320,22): error TS2769: No overload matches this call.
  Overload 1 of 2, '(props: { component: ElementType<any, keyof IntrinsicElements>; } & StackOwnProps & CommonProps & Omit<any, keyof CommonProps | keyof StackOwnProps>): Element | null', gave the following error.
    Property 'component' is missing in type '{ children: Element[]; direction: "row"; spacing: number; alignItems: string; }' but required in type '{ component: ElementType<any, keyof IntrinsicElements>; }'.
  Overload 2 of 2, '(props: DefaultComponentProps<StackTypeMap<{}, "div">>): Element | null', gave the following error.
    Type '{ children: Element[]; direction: "row"; spacing: number; alignItems: string; }' is not assignable to type 'IntrinsicAttributes & StackOwnProps & CommonProps & Omit<DetailedHTMLProps<HTMLAttributes<HTMLDivElement>, HTMLDivElement>, keyof CommonProps | keyof StackOwnProps>'.
      Property 'alignItems' does not exist on type 'IntrinsicAttributes & StackOwnProps & CommonProps & Omit<DetailedHTMLProps<HTMLAttributes<HTMLDivElement>, HTMLDivElement>, keyof CommonProps | keyof StackOwnProps>'.
src/components/tools/color/ContrastChecker.tsx(9,3): error TS2724: '"@mui/material"' has no exported member named 'Grid2'. Did you mean 'Grid'?
src/components/tools/color/ContrastChecker.tsx(96,8): error TS2769: No overload matches this call.
  Overload 1 of 2, '(props: { component: ElementType<any, keyof IntrinsicElements>; } & StackOwnProps & CommonProps & Omit<any, keyof CommonProps | keyof StackOwnProps>): Element | null', gave the following error.
    Property 'component' is missing in type '{ children: Element[]; direction: "row"; spacing: number; alignItems: string; sx: { color: "success.main"; }; }' but required in type '{ component: ElementType<any, keyof IntrinsicElements>; }'.
  Overload 2 of 2, '(props: DefaultComponentProps<StackTypeMap<{}, "div">>): Element | null', gave the following error.
    Type '{ children: Element[]; direction: "row"; spacing: number; alignItems: string; sx: { color: "success.main"; }; }' is not assignable to type 'IntrinsicAttributes & StackOwnProps & CommonProps & Omit<DetailedHTMLProps<HTMLAttributes<HTMLDivElement>, HTMLDivElement>, keyof CommonProps | keyof StackOwnProps>'.
      Property 'alignItems' does not exist on type 'IntrinsicAttributes & StackOwnProps & CommonProps & Omit<DetailedHTMLProps<HTMLAttributes<HTMLDivElement>, HTMLDivElement>, keyof CommonProps | keyof StackOwnProps>'.
src/components/tools/color/ContrastChecker.tsx(103,8): error TS2769: No overload matches this call.
  Overload 1 of 2, '(props: { component: ElementType<any, keyof IntrinsicElements>; } & StackOwnProps & CommonProps & Omit<any, keyof CommonProps | keyof StackOwnProps>): Element | null', gave the following error.
    Property 'component' is missing in type '{ children: Element[]; direction: "row"; spacing: number; alignItems: string; sx: { color: "error.main"; }; }' but required in type '{ component: ElementType<any, keyof IntrinsicElements>; }'.
  Overload 2 of 2, '(props: DefaultComponentProps<StackTypeMap<{}, "div">>): Element | null', gave the following error.
    Type '{ children: Element[]; direction: "row"; spacing: number; alignItems: string; sx: { color: "error.main"; }; }' is not assignable to type 'IntrinsicAttributes & StackOwnProps & CommonProps & Omit<DetailedHTMLProps<HTMLAttributes<HTMLDivElement>, HTMLDivElement>, keyof CommonProps | keyof StackOwnProps>'.
      Property 'alignItems' does not exist on type 'IntrinsicAttributes & StackOwnProps & CommonProps & Omit<DetailedHTMLProps<HTMLAttributes<HTMLDivElement>, HTMLDivElement>, keyof CommonProps | keyof StackOwnProps>'.
src/components/tools/color/ContrastChecker.tsx(128,18): error TS2769: No overload matches this call.
  Overload 1 of 2, '(props: { component: ElementType<any, keyof IntrinsicElements>; } & StackOwnProps & CommonProps & Omit<any, keyof CommonProps | keyof StackOwnProps>): Element | null', gave the following error.
    Property 'component' is missing in type '{ children: Element[]; direction: "row"; spacing: number; alignItems: string; }' but required in type '{ component: ElementType<any, keyof IntrinsicElements>; }'.
  Overload 2 of 2, '(props: DefaultComponentProps<StackTypeMap<{}, "div">>): Element | null', gave the following error.
    Type '{ children: Element[]; direction: "row"; spacing: number; alignItems: string; }' is not assignable to type 'IntrinsicAttributes & StackOwnProps & CommonProps & Omit<DetailedHTMLProps<HTMLAttributes<HTMLDivElement>, HTMLDivElement>, keyof CommonProps | keyof StackOwnProps>'.
      Property 'alignItems' does not exist on type 'IntrinsicAttributes & StackOwnProps & CommonProps & Omit<DetailedHTMLProps<HTMLAttributes<HTMLDivElement>, HTMLDivElement>, keyof CommonProps | keyof StackOwnProps>'.
src/components/tools/color/ContrastChecker.tsx(148,21): error TS2322: Type '{ size: "small"; fullWidth: true; value: string; onChange: (e: ChangeEvent<HTMLInputElement | HTMLTextAreaElement, Element>) => void; error: boolean; helperText: string | null; inputProps: { ...; }; }' is not assignable to type 'IntrinsicAttributes & { variant?: TextFieldVariants | undefined; } & Omit<OutlinedTextFieldProps | FilledTextFieldProps | StandardTextFieldProps, "variant">'.
  Property 'inputProps' does not exist on type 'IntrinsicAttributes & { variant?: TextFieldVariants | undefined; } & Omit<OutlinedTextFieldProps | FilledTextFieldProps | StandardTextFieldProps, "variant">'.
src/components/tools/color/ContrastChecker.tsx(165,18): error TS2769: No overload matches this call.
  Overload 1 of 2, '(props: { component: ElementType<any, keyof IntrinsicElements>; } & StackOwnProps & CommonProps & Omit<any, keyof CommonProps | keyof StackOwnProps>): Element | null', gave the following error.
    Property 'component' is missing in type '{ children: Element[]; direction: "row"; spacing: number; alignItems: string; }' but required in type '{ component: ElementType<any, keyof IntrinsicElements>; }'.
  Overload 2 of 2, '(props: DefaultComponentProps<StackTypeMap<{}, "div">>): Element | null', gave the following error.
    Type '{ children: Element[]; direction: "row"; spacing: number; alignItems: string; }' is not assignable to type 'IntrinsicAttributes & StackOwnProps & CommonProps & Omit<DetailedHTMLProps<HTMLAttributes<HTMLDivElement>, HTMLDivElement>, keyof CommonProps | keyof StackOwnProps>'.
      Property 'alignItems' does not exist on type 'IntrinsicAttributes & StackOwnProps & CommonProps & Omit<DetailedHTMLProps<HTMLAttributes<HTMLDivElement>, HTMLDivElement>, keyof CommonProps | keyof StackOwnProps>'.
src/components/tools/color/ContrastChecker.tsx(185,21): error TS2322: Type '{ size: "small"; fullWidth: true; value: string; onChange: (e: ChangeEvent<HTMLInputElement | HTMLTextAreaElement, Element>) => void; error: boolean; helperText: string | null; inputProps: { ...; }; }' is not assignable to type 'IntrinsicAttributes & { variant?: TextFieldVariants | undefined; } & Omit<OutlinedTextFieldProps | FilledTextFieldProps | StandardTextFieldProps, "variant">'.
  Property 'inputProps' does not exist on type 'IntrinsicAttributes & { variant?: TextFieldVariants | undefined; } & Omit<OutlinedTextFieldProps | FilledTextFieldProps | StandardTextFieldProps, "variant">'.
src/components/tools/color/ContrastChecker.tsx(253,26): error TS2769: No overload matches this call.
  Overload 1 of 2, '(props: { component: ElementType<any, keyof IntrinsicElements>; } & StackOwnProps & CommonProps & Omit<any, keyof CommonProps | keyof StackOwnProps>): Element | null', gave the following error.
    Property 'component' is missing in type '{ children: Element[]; direction: "row"; justifyContent: string; }' but required in type '{ component: ElementType<any, keyof IntrinsicElements>; }'.
  Overload 2 of 2, '(props: DefaultComponentProps<StackTypeMap<{}, "div">>): Element | null', gave the following error.
    Type '{ children: Element[]; direction: "row"; justifyContent: string; }' is not assignable to type 'IntrinsicAttributes & StackOwnProps & CommonProps & Omit<DetailedHTMLProps<HTMLAttributes<HTMLDivElement>, HTMLDivElement>, keyof CommonProps | keyof StackOwnProps>'.
      Property 'justifyContent' does not exist on type 'IntrinsicAttributes & StackOwnProps & CommonProps & Omit<DetailedHTMLProps<HTMLAttributes<HTMLDivElement>, HTMLDivElement>, keyof CommonProps | keyof StackOwnProps>'.
src/components/tools/color/ContrastChecker.tsx(259,26): error TS2769: No overload matches this call.
  Overload 1 of 2, '(props: { component: ElementType<any, keyof IntrinsicElements>; } & StackOwnProps & CommonProps & Omit<any, keyof CommonProps | keyof StackOwnProps>): Element | null', gave the following error.
    Property 'component' is missing in type '{ children: Element[]; direction: "row"; justifyContent: string; }' but required in type '{ component: ElementType<any, keyof IntrinsicElements>; }'.
  Overload 2 of 2, '(props: DefaultComponentProps<StackTypeMap<{}, "div">>): Element | null', gave the following error.
    Type '{ children: Element[]; direction: "row"; justifyContent: string; }' is not assignable to type 'IntrinsicAttributes & StackOwnProps & CommonProps & Omit<DetailedHTMLProps<HTMLAttributes<HTMLDivElement>, HTMLDivElement>, keyof CommonProps | keyof StackOwnProps>'.
      Property 'justifyContent' does not exist on type 'IntrinsicAttributes & StackOwnProps & CommonProps & Omit<DetailedHTMLProps<HTMLAttributes<HTMLDivElement>, HTMLDivElement>, keyof CommonProps | keyof StackOwnProps>'.
src/components/tools/color/ContrastChecker.tsx(276,26): error TS2769: No overload matches this call.
  Overload 1 of 2, '(props: { component: ElementType<any, keyof IntrinsicElements>; } & StackOwnProps & CommonProps & Omit<any, keyof CommonProps | keyof StackOwnProps>): Element | null', gave the following error.
    Property 'component' is missing in type '{ children: Element[]; direction: "row"; justifyContent: string; }' but required in type '{ component: ElementType<any, keyof IntrinsicElements>; }'.
  Overload 2 of 2, '(props: DefaultComponentProps<StackTypeMap<{}, "div">>): Element | null', gave the following error.
    Type '{ children: Element[]; direction: "row"; justifyContent: string; }' is not assignable to type 'IntrinsicAttributes & StackOwnProps & CommonProps & Omit<DetailedHTMLProps<HTMLAttributes<HTMLDivElement>, HTMLDivElement>, keyof CommonProps | keyof StackOwnProps>'.
      Property 'justifyContent' does not exist on type 'IntrinsicAttributes & StackOwnProps & CommonProps & Omit<DetailedHTMLProps<HTMLAttributes<HTMLDivElement>, HTMLDivElement>, keyof CommonProps | keyof StackOwnProps>'.
src/components/tools/color/ContrastChecker.tsx(282,26): error TS2769: No overload matches this call.
  Overload 1 of 2, '(props: { component: ElementType<any, keyof IntrinsicElements>; } & StackOwnProps & CommonProps & Omit<any, keyof CommonProps | keyof StackOwnProps>): Element | null', gave the following error.
    Property 'component' is missing in type '{ children: Element[]; direction: "row"; justifyContent: string; }' but required in type '{ component: ElementType<any, keyof IntrinsicElements>; }'.
  Overload 2 of 2, '(props: DefaultComponentProps<StackTypeMap<{}, "div">>): Element | null', gave the following error.
    Type '{ children: Element[]; direction: "row"; justifyContent: string; }' is not assignable to type 'IntrinsicAttributes & StackOwnProps & CommonProps & Omit<DetailedHTMLProps<HTMLAttributes<HTMLDivElement>, HTMLDivElement>, keyof CommonProps | keyof StackOwnProps>'.
      Property 'justifyContent' does not exist on type 'IntrinsicAttributes & StackOwnProps & CommonProps & Omit<DetailedHTMLProps<HTMLAttributes<HTMLDivElement>, HTMLDivElement>, keyof CommonProps | keyof StackOwnProps>'.
src/components/tools/color/GradientGenerator.tsx(10,3): error TS2724: '"@mui/material"' has no exported member named 'Grid2'. Did you mean 'Grid'?
src/components/tools/color/GradientGenerator.tsx(106,16): error TS2769: No overload matches this call.
  Overload 1 of 2, '(props: { component: ElementType<any, keyof IntrinsicElements>; } & StackOwnProps & CommonProps & Omit<any, keyof CommonProps | keyof StackOwnProps>): Element | null', gave the following error.
    Property 'component' is missing in type '{ children: Element[]; direction: "row"; spacing: number; alignItems: string; justifyContent: string; }' but required in type '{ component: ElementType<any, keyof IntrinsicElements>; }'.
  Overload 2 of 2, '(props: DefaultComponentProps<StackTypeMap<{}, "div">>): Element | null', gave the following error.
    Type '{ children: Element[]; direction: "row"; spacing: number; alignItems: string; justifyContent: string; }' is not assignable to type 'IntrinsicAttributes & StackOwnProps & CommonProps & Omit<DetailedHTMLProps<HTMLAttributes<HTMLDivElement>, HTMLDivElement>, keyof CommonProps | keyof StackOwnProps>'.
      Property 'alignItems' does not exist on type 'IntrinsicAttributes & StackOwnProps & CommonProps & Omit<DetailedHTMLProps<HTMLAttributes<HTMLDivElement>, HTMLDivElement>, keyof CommonProps | keyof StackOwnProps>'.
src/components/tools/color/GradientGenerator.tsx(111,20): error TS2769: No overload matches this call.
  Overload 1 of 2, '(props: { component: ElementType<any, keyof IntrinsicElements>; } & StackOwnProps & CommonProps & Omit<any, keyof CommonProps | keyof StackOwnProps>): Element | null', gave the following error.
    Property 'component' is missing in type '{ children: Element[]; direction: "row"; spacing: number; alignItems: string; }' but required in type '{ component: ElementType<any, keyof IntrinsicElements>; }'.
  Overload 2 of 2, '(props: DefaultComponentProps<StackTypeMap<{}, "div">>): Element | null', gave the following error.
    Type '{ children: Element[]; direction: "row"; spacing: number; alignItems: string; }' is not assignable to type 'IntrinsicAttributes & StackOwnProps & CommonProps & Omit<DetailedHTMLProps<HTMLAttributes<HTMLDivElement>, HTMLDivElement>, keyof CommonProps | keyof StackOwnProps>'.
      Property 'alignItems' does not exist on type 'IntrinsicAttributes & StackOwnProps & CommonProps & Omit<DetailedHTMLProps<HTMLAttributes<HTMLDivElement>, HTMLDivElement>, keyof CommonProps | keyof StackOwnProps>'.
src/components/tools/color/GradientGenerator.tsx(132,23): error TS2322: Type '{ size: "small"; value: string; onChange: (e: ChangeEvent<HTMLInputElement | HTMLTextAreaElement, Element>) => void; inputProps: { ...; }; }' is not assignable to type 'IntrinsicAttributes & { variant?: TextFieldVariants | undefined; } & Omit<OutlinedTextFieldProps | FilledTextFieldProps | StandardTextFieldProps, "variant">'.
  Property 'inputProps' does not exist on type 'IntrinsicAttributes & { variant?: TextFieldVariants | undefined; } & Omit<OutlinedTextFieldProps | FilledTextFieldProps | StandardTextFieldProps, "variant">'.
src/components/tools/color/GradientGenerator.tsx(145,20): error TS2769: No overload matches this call.
  Overload 1 of 2, '(props: { component: ElementType<any, keyof IntrinsicElements>; } & StackOwnProps & CommonProps & Omit<any, keyof CommonProps | keyof StackOwnProps>): Element | null', gave the following error.
    Property 'component' is missing in type '{ children: Element[]; direction: "row"; spacing: number; alignItems: string; }' but required in type '{ component: ElementType<any, keyof IntrinsicElements>; }'.
  Overload 2 of 2, '(props: DefaultComponentProps<StackTypeMap<{}, "div">>): Element | null', gave the following error.
    Type '{ children: Element[]; direction: "row"; spacing: number; alignItems: string; }' is not assignable to type 'IntrinsicAttributes & StackOwnProps & CommonProps & Omit<DetailedHTMLProps<HTMLAttributes<HTMLDivElement>, HTMLDivElement>, keyof CommonProps | keyof StackOwnProps>'.
      Property 'alignItems' does not exist on type 'IntrinsicAttributes & StackOwnProps & CommonProps & Omit<DetailedHTMLProps<HTMLAttributes<HTMLDivElement>, HTMLDivElement>, keyof CommonProps | keyof StackOwnProps>'.
src/components/tools/color/GradientGenerator.tsx(166,23): error TS2322: Type '{ size: "small"; value: string; onChange: (e: ChangeEvent<HTMLInputElement | HTMLTextAreaElement, Element>) => void; inputProps: { ...; }; }' is not assignable to type 'IntrinsicAttributes & { variant?: TextFieldVariants | undefined; } & Omit<OutlinedTextFieldProps | FilledTextFieldProps | StandardTextFieldProps, "variant">'.
  Property 'inputProps' does not exist on type 'IntrinsicAttributes & { variant?: TextFieldVariants | undefined; } & Omit<OutlinedTextFieldProps | FilledTextFieldProps | StandardTextFieldProps, "variant">'.
src/components/tools/color/GradientGenerator.tsx(177,18): error TS2769: No overload matches this call.
  Overload 1 of 2, '(props: { component: ElementType<any, keyof IntrinsicElements>; } & StackOwnProps & CommonProps & Omit<any, keyof CommonProps | keyof StackOwnProps>): Element | null', gave the following error.
    Property 'component' is missing in type '{ children: Element[]; direction: "row"; spacing: number; alignItems: string; }' but required in type '{ component: ElementType<any, keyof IntrinsicElements>; }'.
  Overload 2 of 2, '(props: DefaultComponentProps<StackTypeMap<{}, "div">>): Element | null', gave the following error.
    Type '{ children: Element[]; direction: "row"; spacing: number; alignItems: string; }' is not assignable to type 'IntrinsicAttributes & StackOwnProps & CommonProps & Omit<DetailedHTMLProps<HTMLAttributes<HTMLDivElement>, HTMLDivElement>, keyof CommonProps | keyof StackOwnProps>'.
      Property 'alignItems' does not exist on type 'IntrinsicAttributes & StackOwnProps & CommonProps & Omit<DetailedHTMLProps<HTMLAttributes<HTMLDivElement>, HTMLDivElement>, keyof CommonProps | keyof StackOwnProps>'.
src/components/tools/color/GradientGenerator.tsx(189,18): error TS2769: No overload matches this call.
  Overload 1 of 2, '(props: { component: ElementType<any, keyof IntrinsicElements>; } & StackOwnProps & CommonProps & Omit<any, keyof CommonProps | keyof StackOwnProps>): Element | null', gave the following error.
    Property 'component' is missing in type '{ children: Element[]; direction: "row"; spacing: number; alignItems: string; sx: { mt: number; }; }' but required in type '{ component: ElementType<any, keyof IntrinsicElements>; }'.
  Overload 2 of 2, '(props: DefaultComponentProps<StackTypeMap<{}, "div">>): Element | null', gave the following error.
    Type '{ children: Element[]; direction: "row"; spacing: number; alignItems: string; sx: { mt: number; }; }' is not assignable to type 'IntrinsicAttributes & StackOwnProps & CommonProps & Omit<DetailedHTMLProps<HTMLAttributes<HTMLDivElement>, HTMLDivElement>, keyof CommonProps | keyof StackOwnProps>'.
      Property 'alignItems' does not exist on type 'IntrinsicAttributes & StackOwnProps & CommonProps & Omit<DetailedHTMLProps<HTMLAttributes<HTMLDivElement>, HTMLDivElement>, keyof CommonProps | keyof StackOwnProps>'.
src/components/tools/color/GradientGenerator.tsx(294,18): error TS2769: No overload matches this call.
  Overload 1 of 2, '(props: { component: ElementType<any, keyof IntrinsicElements>; } & StackOwnProps & CommonProps & Omit<any, keyof CommonProps | keyof StackOwnProps>): Element | null', gave the following error.
    Property 'component' is missing in type '{ children: Element[]; direction: "row"; spacing: number; alignItems: string; }' but required in type '{ component: ElementType<any, keyof IntrinsicElements>; }'.
  Overload 2 of 2, '(props: DefaultComponentProps<StackTypeMap<{}, "div">>): Element | null', gave the following error.
    Type '{ children: Element[]; direction: "row"; spacing: number; alignItems: string; }' is not assignable to type 'IntrinsicAttributes & StackOwnProps & CommonProps & Omit<DetailedHTMLProps<HTMLAttributes<HTMLDivElement>, HTMLDivElement>, keyof CommonProps | keyof StackOwnProps>'.
      Property 'alignItems' does not exist on type 'IntrinsicAttributes & StackOwnProps & CommonProps & Omit<DetailedHTMLProps<HTMLAttributes<HTMLDivElement>, HTMLDivElement>, keyof CommonProps | keyof StackOwnProps>'.
src/components/tools/color/GradientGenerator.tsx(300,34): error TS2353: Object literal may only specify known properties, and 'readOnly' does not exist in type '{ root?: SlotProps<ElementType<FormControlProps, keyof IntrinsicElements>, TextFieldRootSlotPropsOverrides, BaseTextFieldProps> | undefined; ... 4 more ...; select?: SlotProps<...> | undefined; } | { ...; } | { ...; }'.
src/components/tools/color/HexToRgbConverter.tsx(13,3): error TS2724: '"@mui/material"' has no exported member named 'Grid2'. Did you mean 'Grid'?
src/components/tools/color/HexToRgbConverter.tsx(205,22): error TS2769: No overload matches this call.
  Overload 1 of 2, '(props: { component: ElementType<any, keyof IntrinsicElements>; } & TypographyOwnProps & CommonProps & Omit<any, "color" | ... 9 more ... | "variantMapping">): Element | null', gave the following error.
    Property 'component' is missing in type '{ children: string; variant: "caption"; color: "text.secondary"; display: string; }' but required in type '{ component: ElementType<any, keyof IntrinsicElements>; }'.
  Overload 2 of 2, '(props: DefaultComponentProps<TypographyTypeMap<{}, "span">>): Element | null', gave the following error.
    Type '{ children: string; variant: "caption"; color: "text.secondary"; display: string; }' is not assignable to type 'IntrinsicAttributes & TypographyOwnProps & CommonProps & Omit<DetailedHTMLProps<HTMLAttributes<HTMLSpanElement>, HTMLSpanElement>, "color" | ... 9 more ... | "variantMapping">'.
      Property 'display' does not exist on type 'IntrinsicAttributes & TypographyOwnProps & CommonProps & Omit<DetailedHTMLProps<HTMLAttributes<HTMLSpanElement>, HTMLSpanElement>, "color" | ... 9 more ... | "variantMapping">'.
src/components/tools/color/HexToRgbConverter.tsx(208,22): error TS2769: No overload matches this call.
  Overload 1 of 2, '(props: { component: ElementType<any, keyof IntrinsicElements>; } & StackOwnProps & CommonProps & Omit<any, keyof CommonProps | keyof StackOwnProps>): Element | null', gave the following error.
    Property 'component' is missing in type '{ children: Element[]; direction: "row"; spacing: number; alignItems: string; }' but required in type '{ component: ElementType<any, keyof IntrinsicElements>; }'.
  Overload 2 of 2, '(props: DefaultComponentProps<StackTypeMap<{}, "div">>): Element | null', gave the following error.
    Type '{ children: Element[]; direction: "row"; spacing: number; alignItems: string; }' is not assignable to type 'IntrinsicAttributes & StackOwnProps & CommonProps & Omit<DetailedHTMLProps<HTMLAttributes<HTMLDivElement>, HTMLDivElement>, keyof CommonProps | keyof StackOwnProps>'.
      Property 'alignItems' does not exist on type 'IntrinsicAttributes & StackOwnProps & CommonProps & Omit<DetailedHTMLProps<HTMLAttributes<HTMLDivElement>, HTMLDivElement>, keyof CommonProps | keyof StackOwnProps>'.
src/components/tools/color/HexToRgbConverter.tsx(213,38): error TS2353: Object literal may only specify known properties, and 'readOnly' does not exist in type '{ root?: SlotProps<ElementType<FormControlProps, keyof IntrinsicElements>, TextFieldRootSlotPropsOverrides, BaseTextFieldProps> | undefined; ... 4 more ...; select?: SlotProps<...> | undefined; } | { ...; } | { ...; }'.
src/components/tools/color/HexToRgbConverter.tsx(217,28): error TS2769: No overload matches this call.
  Overload 1 of 2, '(props: { component: ElementType<any, keyof IntrinsicElements>; } & SvgIconOwnProps & CommonProps & Omit<any, "fontSize" | ... 10 more ... | "viewBox">): Element | null', gave the following error.
    Property 'component' is missing in type '{ size: string; }' but required in type '{ component: ElementType<any, keyof IntrinsicElements>; }'.
  Overload 2 of 2, '(props: DefaultComponentProps<SvgIconTypeMap<{}, "svg">>): Element | null', gave the following error.
    Type '{ size: string; }' is not assignable to type 'IntrinsicAttributes & SvgIconOwnProps & CommonProps & Omit<SVGProps<SVGSVGElement>, "fontSize" | ... 10 more ... | "viewBox">'.
      Property 'size' does not exist on type 'IntrinsicAttributes & SvgIconOwnProps & CommonProps & Omit<SVGProps<SVGSVGElement>, "fontSize" | ... 10 more ... | "viewBox">'.
src/components/tools/color/HexToRgbConverter.tsx(224,22): error TS2769: No overload matches this call.
  Overload 1 of 2, '(props: { component: ElementType<any, keyof IntrinsicElements>; } & TypographyOwnProps & CommonProps & Omit<any, "color" | ... 9 more ... | "variantMapping">): Element | null', gave the following error.
    Property 'component' is missing in type '{ children: string; variant: "caption"; color: "text.secondary"; display: string; }' but required in type '{ component: ElementType<any, keyof IntrinsicElements>; }'.
  Overload 2 of 2, '(props: DefaultComponentProps<TypographyTypeMap<{}, "span">>): Element | null', gave the following error.
    Type '{ children: string; variant: "caption"; color: "text.secondary"; display: string; }' is not assignable to type 'IntrinsicAttributes & TypographyOwnProps & CommonProps & Omit<DetailedHTMLProps<HTMLAttributes<HTMLSpanElement>, HTMLSpanElement>, "color" | ... 9 more ... | "variantMapping">'.
      Property 'display' does not exist on type 'IntrinsicAttributes & TypographyOwnProps & CommonProps & Omit<DetailedHTMLProps<HTMLAttributes<HTMLSpanElement>, HTMLSpanElement>, "color" | ... 9 more ... | "variantMapping">'.
src/components/tools/color/HexToRgbConverter.tsx(227,22): error TS2769: No overload matches this call.
  Overload 1 of 2, '(props: { component: ElementType<any, keyof IntrinsicElements>; } & StackOwnProps & CommonProps & Omit<any, keyof CommonProps | keyof StackOwnProps>): Element | null', gave the following error.
    Property 'component' is missing in type '{ children: Element[]; direction: "row"; spacing: number; alignItems: string; }' but required in type '{ component: ElementType<any, keyof IntrinsicElements>; }'.
  Overload 2 of 2, '(props: DefaultComponentProps<StackTypeMap<{}, "div">>): Element | null', gave the following error.
    Type '{ children: Element[]; direction: "row"; spacing: number; alignItems: string; }' is not assignable to type 'IntrinsicAttributes & StackOwnProps & CommonProps & Omit<DetailedHTMLProps<HTMLAttributes<HTMLDivElement>, HTMLDivElement>, keyof CommonProps | keyof StackOwnProps>'.
      Property 'alignItems' does not exist on type 'IntrinsicAttributes & StackOwnProps & CommonProps & Omit<DetailedHTMLProps<HTMLAttributes<HTMLDivElement>, HTMLDivElement>, keyof CommonProps | keyof StackOwnProps>'.
src/components/tools/color/HexToRgbConverter.tsx(232,38): error TS2353: Object literal may only specify known properties, and 'readOnly' does not exist in type '{ root?: SlotProps<ElementType<FormControlProps, keyof IntrinsicElements>, TextFieldRootSlotPropsOverrides, BaseTextFieldProps> | undefined; ... 4 more ...; select?: SlotProps<...> | undefined; } | { ...; } | { ...; }'.
src/components/tools/color/HexToRgbConverter.tsx(236,28): error TS2769: No overload matches this call.
  Overload 1 of 2, '(props: { component: ElementType<any, keyof IntrinsicElements>; } & SvgIconOwnProps & CommonProps & Omit<any, "fontSize" | ... 10 more ... | "viewBox">): Element | null', gave the following error.
    Property 'component' is missing in type '{ size: string; }' but required in type '{ component: ElementType<any, keyof IntrinsicElements>; }'.
  Overload 2 of 2, '(props: DefaultComponentProps<SvgIconTypeMap<{}, "svg">>): Element | null', gave the following error.
    Type '{ size: string; }' is not assignable to type 'IntrinsicAttributes & SvgIconOwnProps & CommonProps & Omit<SVGProps<SVGSVGElement>, "fontSize" | ... 10 more ... | "viewBox">'.
      Property 'size' does not exist on type 'IntrinsicAttributes & SvgIconOwnProps & CommonProps & Omit<SVGProps<SVGSVGElement>, "fontSize" | ... 10 more ... | "viewBox">'.
src/components/tools/color/HexToRgbConverter.tsx(243,22): error TS2769: No overload matches this call.
  Overload 1 of 2, '(props: { component: ElementType<any, keyof IntrinsicElements>; } & TypographyOwnProps & CommonProps & Omit<any, "color" | ... 9 more ... | "variantMapping">): Element | null', gave the following error.
    Property 'component' is missing in type '{ children: string; variant: "caption"; color: "text.secondary"; display: string; }' but required in type '{ component: ElementType<any, keyof IntrinsicElements>; }'.
  Overload 2 of 2, '(props: DefaultComponentProps<TypographyTypeMap<{}, "span">>): Element | null', gave the following error.
    Type '{ children: string; variant: "caption"; color: "text.secondary"; display: string; }' is not assignable to type 'IntrinsicAttributes & TypographyOwnProps & CommonProps & Omit<DetailedHTMLProps<HTMLAttributes<HTMLSpanElement>, HTMLSpanElement>, "color" | ... 9 more ... | "variantMapping">'.
      Property 'display' does not exist on type 'IntrinsicAttributes & TypographyOwnProps & CommonProps & Omit<DetailedHTMLProps<HTMLAttributes<HTMLSpanElement>, HTMLSpanElement>, "color" | ... 9 more ... | "variantMapping">'.
src/components/tools/color/HexToRgbConverter.tsx(246,22): error TS2769: No overload matches this call.
  Overload 1 of 2, '(props: { component: ElementType<any, keyof IntrinsicElements>; } & StackOwnProps & CommonProps & Omit<any, keyof CommonProps | keyof StackOwnProps>): Element | null', gave the following error.
    Property 'component' is missing in type '{ children: Element[]; direction: "row"; spacing: number; alignItems: string; }' but required in type '{ component: ElementType<any, keyof IntrinsicElements>; }'.
  Overload 2 of 2, '(props: DefaultComponentProps<StackTypeMap<{}, "div">>): Element | null', gave the following error.
    Type '{ children: Element[]; direction: "row"; spacing: number; alignItems: string; }' is not assignable to type 'IntrinsicAttributes & StackOwnProps & CommonProps & Omit<DetailedHTMLProps<HTMLAttributes<HTMLDivElement>, HTMLDivElement>, keyof CommonProps | keyof StackOwnProps>'.
      Property 'alignItems' does not exist on type 'IntrinsicAttributes & StackOwnProps & CommonProps & Omit<DetailedHTMLProps<HTMLAttributes<HTMLDivElement>, HTMLDivElement>, keyof CommonProps | keyof StackOwnProps>'.
src/components/tools/color/HexToRgbConverter.tsx(251,38): error TS2353: Object literal may only specify known properties, and 'readOnly' does not exist in type '{ root?: SlotProps<ElementType<FormControlProps, keyof IntrinsicElements>, TextFieldRootSlotPropsOverrides, BaseTextFieldProps> | undefined; ... 4 more ...; select?: SlotProps<...> | undefined; } | { ...; } | { ...; }'.
src/components/tools/color/HexToRgbConverter.tsx(255,28): error TS2769: No overload matches this call.
  Overload 1 of 2, '(props: { component: ElementType<any, keyof IntrinsicElements>; } & SvgIconOwnProps & CommonProps & Omit<any, "fontSize" | ... 10 more ... | "viewBox">): Element | null', gave the following error.
    Property 'component' is missing in type '{ size: string; }' but required in type '{ component: ElementType<any, keyof IntrinsicElements>; }'.
  Overload 2 of 2, '(props: DefaultComponentProps<SvgIconTypeMap<{}, "svg">>): Element | null', gave the following error.
    Type '{ size: string; }' is not assignable to type 'IntrinsicAttributes & SvgIconOwnProps & CommonProps & Omit<SVGProps<SVGSVGElement>, "fontSize" | ... 10 more ... | "viewBox">'.
      Property 'size' does not exist on type 'IntrinsicAttributes & SvgIconOwnProps & CommonProps & Omit<SVGProps<SVGSVGElement>, "fontSize" | ... 10 more ... | "viewBox">'.
src/components/tools/color/HexToRgbConverter.tsx(278,20): error TS2769: No overload matches this call.
  Overload 1 of 2, '(props: { component: ElementType<any, keyof IntrinsicElements>; } & StackOwnProps & CommonProps & Omit<any, keyof CommonProps | keyof StackOwnProps>): Element | null', gave the following error.
    Property 'component' is missing in type '{ children: Element; direction: "row"; justifyContent: string; }' but required in type '{ component: ElementType<any, keyof IntrinsicElements>; }'.
  Overload 2 of 2, '(props: DefaultComponentProps<StackTypeMap<{}, "div">>): Element | null', gave the following error.
    Type '{ children: Element; direction: "row"; justifyContent: string; }' is not assignable to type 'IntrinsicAttributes & StackOwnProps & CommonProps & Omit<DetailedHTMLProps<HTMLAttributes<HTMLDivElement>, HTMLDivElement>, keyof CommonProps | keyof StackOwnProps>'.
      Property 'justifyContent' does not exist on type 'IntrinsicAttributes & StackOwnProps & CommonProps & Omit<DetailedHTMLProps<HTMLAttributes<HTMLDivElement>, HTMLDivElement>, keyof CommonProps | keyof StackOwnProps>'.
src/components/tools/color/HexToRgbConverter.tsx(293,20): error TS2769: No overload matches this call.
  Overload 1 of 2, '(props: { component: ElementType<any, keyof IntrinsicElements>; } & StackOwnProps & CommonProps & Omit<any, keyof CommonProps | keyof StackOwnProps>): Element | null', gave the following error.
    Property 'component' is missing in type '{ children: Element; direction: "row"; justifyContent: string; }' but required in type '{ component: ElementType<any, keyof IntrinsicElements>; }'.
  Overload 2 of 2, '(props: DefaultComponentProps<StackTypeMap<{}, "div">>): Element | null', gave the following error.
    Type '{ children: Element; direction: "row"; justifyContent: string; }' is not assignable to type 'IntrinsicAttributes & StackOwnProps & CommonProps & Omit<DetailedHTMLProps<HTMLAttributes<HTMLDivElement>, HTMLDivElement>, keyof CommonProps | keyof StackOwnProps>'.
      Property 'justifyContent' does not exist on type 'IntrinsicAttributes & StackOwnProps & CommonProps & Omit<DetailedHTMLProps<HTMLAttributes<HTMLDivElement>, HTMLDivElement>, keyof CommonProps | keyof StackOwnProps>'.
src/components/tools/color/HexToRgbConverter.tsx(308,20): error TS2769: No overload matches this call.
  Overload 1 of 2, '(props: { component: ElementType<any, keyof IntrinsicElements>; } & StackOwnProps & CommonProps & Omit<any, keyof CommonProps | keyof StackOwnProps>): Element | null', gave the following error.
    Property 'component' is missing in type '{ children: Element; direction: "row"; justifyContent: string; }' but required in type '{ component: ElementType<any, keyof IntrinsicElements>; }'.
  Overload 2 of 2, '(props: DefaultComponentProps<StackTypeMap<{}, "div">>): Element | null', gave the following error.
    Type '{ children: Element; direction: "row"; justifyContent: string; }' is not assignable to type 'IntrinsicAttributes & StackOwnProps & CommonProps & Omit<DetailedHTMLProps<HTMLAttributes<HTMLDivElement>, HTMLDivElement>, keyof CommonProps | keyof StackOwnProps>'.
      Property 'justifyContent' does not exist on type 'IntrinsicAttributes & StackOwnProps & CommonProps & Omit<DetailedHTMLProps<HTMLAttributes<HTMLDivElement>, HTMLDivElement>, keyof CommonProps | keyof StackOwnProps>'.
src/components/tools/color/HexToRgbConverter.tsx(364,22): error TS2769: No overload matches this call.
  Overload 1 of 2, '(props: { component: ElementType<any, keyof IntrinsicElements>; } & TypographyOwnProps & CommonProps & Omit<any, "color" | ... 9 more ... | "variantMapping">): Element | null', gave the following error.
    Property 'component' is missing in type '{ children: string; variant: "caption"; color: "text.secondary"; display: string; }' but required in type '{ component: ElementType<any, keyof IntrinsicElements>; }'.
  Overload 2 of 2, '(props: DefaultComponentProps<TypographyTypeMap<{}, "span">>): Element | null', gave the following error.
    Type '{ children: string; variant: "caption"; color: "text.secondary"; display: string; }' is not assignable to type 'IntrinsicAttributes & TypographyOwnProps & CommonProps & Omit<DetailedHTMLProps<HTMLAttributes<HTMLSpanElement>, HTMLSpanElement>, "color" | ... 9 more ... | "variantMapping">'.
      Property 'display' does not exist on type 'IntrinsicAttributes & TypographyOwnProps & CommonProps & Omit<DetailedHTMLProps<HTMLAttributes<HTMLSpanElement>, HTMLSpanElement>, "color" | ... 9 more ... | "variantMapping">'.
src/components/tools/color/HexToRgbConverter.tsx(367,22): error TS2769: No overload matches this call.
  Overload 1 of 2, '(props: { component: ElementType<any, keyof IntrinsicElements>; } & StackOwnProps & CommonProps & Omit<any, keyof CommonProps | keyof StackOwnProps>): Element | null', gave the following error.
    Property 'component' is missing in type '{ children: Element[]; direction: "row"; spacing: number; alignItems: string; }' but required in type '{ component: ElementType<any, keyof IntrinsicElements>; }'.
  Overload 2 of 2, '(props: DefaultComponentProps<StackTypeMap<{}, "div">>): Element | null', gave the following error.
    Type '{ children: Element[]; direction: "row"; spacing: number; alignItems: string; }' is not assignable to type 'IntrinsicAttributes & StackOwnProps & CommonProps & Omit<DetailedHTMLProps<HTMLAttributes<HTMLDivElement>, HTMLDivElement>, keyof CommonProps | keyof StackOwnProps>'.
      Property 'alignItems' does not exist on type 'IntrinsicAttributes & StackOwnProps & CommonProps & Omit<DetailedHTMLProps<HTMLAttributes<HTMLDivElement>, HTMLDivElement>, keyof CommonProps | keyof StackOwnProps>'.
src/components/tools/color/HexToRgbConverter.tsx(372,38): error TS2353: Object literal may only specify known properties, and 'readOnly' does not exist in type '{ root?: SlotProps<ElementType<FormControlProps, keyof IntrinsicElements>, TextFieldRootSlotPropsOverrides, BaseTextFieldProps> | undefined; ... 4 more ...; select?: SlotProps<...> | undefined; } | { ...; } | { ...; }'.
src/components/tools/color/HexToRgbConverter.tsx(376,28): error TS2769: No overload matches this call.
  Overload 1 of 2, '(props: { component: ElementType<any, keyof IntrinsicElements>; } & SvgIconOwnProps & CommonProps & Omit<any, "fontSize" | ... 10 more ... | "viewBox">): Element | null', gave the following error.
    Property 'component' is missing in type '{ size: string; }' but required in type '{ component: ElementType<any, keyof IntrinsicElements>; }'.
  Overload 2 of 2, '(props: DefaultComponentProps<SvgIconTypeMap<{}, "svg">>): Element | null', gave the following error.
    Type '{ size: string; }' is not assignable to type 'IntrinsicAttributes & SvgIconOwnProps & CommonProps & Omit<SVGProps<SVGSVGElement>, "fontSize" | ... 10 more ... | "viewBox">'.
      Property 'size' does not exist on type 'IntrinsicAttributes & SvgIconOwnProps & CommonProps & Omit<SVGProps<SVGSVGElement>, "fontSize" | ... 10 more ... | "viewBox">'.
src/components/tools/color/HexToRgbConverter.tsx(383,22): error TS2769: No overload matches this call.
  Overload 1 of 2, '(props: { component: ElementType<any, keyof IntrinsicElements>; } & TypographyOwnProps & CommonProps & Omit<any, "color" | ... 9 more ... | "variantMapping">): Element | null', gave the following error.
    Property 'component' is missing in type '{ children: string; variant: "caption"; color: "text.secondary"; display: string; }' but required in type '{ component: ElementType<any, keyof IntrinsicElements>; }'.
  Overload 2 of 2, '(props: DefaultComponentProps<TypographyTypeMap<{}, "span">>): Element | null', gave the following error.
    Type '{ children: string; variant: "caption"; color: "text.secondary"; display: string; }' is not assignable to type 'IntrinsicAttributes & TypographyOwnProps & CommonProps & Omit<DetailedHTMLProps<HTMLAttributes<HTMLSpanElement>, HTMLSpanElement>, "color" | ... 9 more ... | "variantMapping">'.
      Property 'display' does not exist on type 'IntrinsicAttributes & TypographyOwnProps & CommonProps & Omit<DetailedHTMLProps<HTMLAttributes<HTMLSpanElement>, HTMLSpanElement>, "color" | ... 9 more ... | "variantMapping">'.
src/components/tools/color/HexToRgbConverter.tsx(386,22): error TS2769: No overload matches this call.
  Overload 1 of 2, '(props: { component: ElementType<any, keyof IntrinsicElements>; } & StackOwnProps & CommonProps & Omit<any, keyof CommonProps | keyof StackOwnProps>): Element | null', gave the following error.
    Property 'component' is missing in type '{ children: Element[]; direction: "row"; spacing: number; alignItems: string; }' but required in type '{ component: ElementType<any, keyof IntrinsicElements>; }'.
  Overload 2 of 2, '(props: DefaultComponentProps<StackTypeMap<{}, "div">>): Element | null', gave the following error.
    Type '{ children: Element[]; direction: "row"; spacing: number; alignItems: string; }' is not assignable to type 'IntrinsicAttributes & StackOwnProps & CommonProps & Omit<DetailedHTMLProps<HTMLAttributes<HTMLDivElement>, HTMLDivElement>, keyof CommonProps | keyof StackOwnProps>'.
      Property 'alignItems' does not exist on type 'IntrinsicAttributes & StackOwnProps & CommonProps & Omit<DetailedHTMLProps<HTMLAttributes<HTMLDivElement>, HTMLDivElement>, keyof CommonProps | keyof StackOwnProps>'.
src/components/tools/color/HexToRgbConverter.tsx(391,38): error TS2353: Object literal may only specify known properties, and 'readOnly' does not exist in type '{ root?: SlotProps<ElementType<FormControlProps, keyof IntrinsicElements>, TextFieldRootSlotPropsOverrides, BaseTextFieldProps> | undefined; ... 4 more ...; select?: SlotProps<...> | undefined; } | { ...; } | { ...; }'.
src/components/tools/color/HexToRgbConverter.tsx(395,28): error TS2769: No overload matches this call.
  Overload 1 of 2, '(props: { component: ElementType<any, keyof IntrinsicElements>; } & SvgIconOwnProps & CommonProps & Omit<any, "fontSize" | ... 10 more ... | "viewBox">): Element | null', gave the following error.
    Property 'component' is missing in type '{ size: string; }' but required in type '{ component: ElementType<any, keyof IntrinsicElements>; }'.
  Overload 2 of 2, '(props: DefaultComponentProps<SvgIconTypeMap<{}, "svg">>): Element | null', gave the following error.
    Type '{ size: string; }' is not assignable to type 'IntrinsicAttributes & SvgIconOwnProps & CommonProps & Omit<SVGProps<SVGSVGElement>, "fontSize" | ... 10 more ... | "viewBox">'.
      Property 'size' does not exist on type 'IntrinsicAttributes & SvgIconOwnProps & CommonProps & Omit<SVGProps<SVGSVGElement>, "fontSize" | ... 10 more ... | "viewBox">'.
src/components/tools/color/HexToRgbConverter.tsx(402,22): error TS2769: No overload matches this call.
  Overload 1 of 2, '(props: { component: ElementType<any, keyof IntrinsicElements>; } & TypographyOwnProps & CommonProps & Omit<any, "color" | ... 9 more ... | "variantMapping">): Element | null', gave the following error.
    Property 'component' is missing in type '{ children: string; variant: "caption"; color: "text.secondary"; display: string; }' but required in type '{ component: ElementType<any, keyof IntrinsicElements>; }'.
  Overload 2 of 2, '(props: DefaultComponentProps<TypographyTypeMap<{}, "span">>): Element | null', gave the following error.
    Type '{ children: string; variant: "caption"; color: "text.secondary"; display: string; }' is not assignable to type 'IntrinsicAttributes & TypographyOwnProps & CommonProps & Omit<DetailedHTMLProps<HTMLAttributes<HTMLSpanElement>, HTMLSpanElement>, "color" | ... 9 more ... | "variantMapping">'.
      Property 'display' does not exist on type 'IntrinsicAttributes & TypographyOwnProps & CommonProps & Omit<DetailedHTMLProps<HTMLAttributes<HTMLSpanElement>, HTMLSpanElement>, "color" | ... 9 more ... | "variantMapping">'.
src/components/tools/color/HexToRgbConverter.tsx(405,22): error TS2769: No overload matches this call.
  Overload 1 of 2, '(props: { component: ElementType<any, keyof IntrinsicElements>; } & StackOwnProps & CommonProps & Omit<any, keyof CommonProps | keyof StackOwnProps>): Element | null', gave the following error.
    Property 'component' is missing in type '{ children: Element[]; direction: "row"; spacing: number; alignItems: string; }' but required in type '{ component: ElementType<any, keyof IntrinsicElements>; }'.
  Overload 2 of 2, '(props: DefaultComponentProps<StackTypeMap<{}, "div">>): Element | null', gave the following error.
    Type '{ children: Element[]; direction: "row"; spacing: number; alignItems: string; }' is not assignable to type 'IntrinsicAttributes & StackOwnProps & CommonProps & Omit<DetailedHTMLProps<HTMLAttributes<HTMLDivElement>, HTMLDivElement>, keyof CommonProps | keyof StackOwnProps>'.
      Property 'alignItems' does not exist on type 'IntrinsicAttributes & StackOwnProps & CommonProps & Omit<DetailedHTMLProps<HTMLAttributes<HTMLDivElement>, HTMLDivElement>, keyof CommonProps | keyof StackOwnProps>'.
src/components/tools/color/HexToRgbConverter.tsx(410,38): error TS2353: Object literal may only specify known properties, and 'readOnly' does not exist in type '{ root?: SlotProps<ElementType<FormControlProps, keyof IntrinsicElements>, TextFieldRootSlotPropsOverrides, BaseTextFieldProps> | undefined; ... 4 more ...; select?: SlotProps<...> | undefined; } | { ...; } | { ...; }'.
src/components/tools/color/HexToRgbConverter.tsx(414,28): error TS2769: No overload matches this call.
  Overload 1 of 2, '(props: { component: ElementType<any, keyof IntrinsicElements>; } & SvgIconOwnProps & CommonProps & Omit<any, "fontSize" | ... 10 more ... | "viewBox">): Element | null', gave the following error.
    Property 'component' is missing in type '{ size: string; }' but required in type '{ component: ElementType<any, keyof IntrinsicElements>; }'.
  Overload 2 of 2, '(props: DefaultComponentProps<SvgIconTypeMap<{}, "svg">>): Element | null', gave the following error.
    Type '{ size: string; }' is not assignable to type 'IntrinsicAttributes & SvgIconOwnProps & CommonProps & Omit<SVGProps<SVGSVGElement>, "fontSize" | ... 10 more ... | "viewBox">'.
      Property 'size' does not exist on type 'IntrinsicAttributes & SvgIconOwnProps & CommonProps & Omit<SVGProps<SVGSVGElement>, "fontSize" | ... 10 more ... | "viewBox">'.
src/components/tools/color/PaletteGenerator.tsx(10,3): error TS2724: '"@mui/material"' has no exported member named 'Grid2'. Did you mean 'Grid'?
src/components/tools/color/PaletteGenerator.tsx(195,12): error TS2769: No overload matches this call.
  Overload 1 of 2, '(props: { component: ElementType<any, keyof IntrinsicElements>; } & StackOwnProps & CommonProps & Omit<any, keyof CommonProps | keyof StackOwnProps>): Element | null', gave the following error.
    Property 'component' is missing in type '{ children: Element[]; direction: { xs: "column"; sm: "row"; }; spacing: number; alignItems: string; justifyContent: string; useFlexGap: true; flexWrap: string; }' but required in type '{ component: ElementType<any, keyof IntrinsicElements>; }'.
  Overload 2 of 2, '(props: DefaultComponentProps<StackTypeMap<{}, "div">>): Element | null', gave the following error.
    Type '{ children: Element[]; direction: { xs: "column"; sm: "row"; }; spacing: number; alignItems: string; justifyContent: string; useFlexGap: true; flexWrap: string; }' is not assignable to type 'IntrinsicAttributes & StackOwnProps & CommonProps & Omit<DetailedHTMLProps<HTMLAttributes<HTMLDivElement>, HTMLDivElement>, keyof CommonProps | keyof StackOwnProps>'.
      Property 'alignItems' does not exist on type 'IntrinsicAttributes & StackOwnProps & CommonProps & Omit<DetailedHTMLProps<HTMLAttributes<HTMLDivElement>, HTMLDivElement>, keyof CommonProps | keyof StackOwnProps>'.
src/components/tools/color/PaletteGenerator.tsx(203,14): error TS2769: No overload matches this call.
  Overload 1 of 2, '(props: { component: ElementType<any, keyof IntrinsicElements>; } & StackOwnProps & CommonProps & Omit<any, keyof CommonProps | keyof StackOwnProps>): Element | null', gave the following error.
    Property 'component' is missing in type '{ children: Element[]; direction: "row"; spacing: number; sx: { minWidth: number; }; flexGrow: number; }' but required in type '{ component: ElementType<any, keyof IntrinsicElements>; }'.
  Overload 2 of 2, '(props: DefaultComponentProps<StackTypeMap<{}, "div">>): Element | null', gave the following error.
    Type '{ children: Element[]; direction: "row"; spacing: number; sx: { minWidth: number; }; flexGrow: number; }' is not assignable to type 'IntrinsicAttributes & StackOwnProps & CommonProps & Omit<DetailedHTMLProps<HTMLAttributes<HTMLDivElement>, HTMLDivElement>, keyof CommonProps | keyof StackOwnProps>'.
      Property 'flexGrow' does not exist on type 'IntrinsicAttributes & StackOwnProps & CommonProps & Omit<DetailedHTMLProps<HTMLAttributes<HTMLDivElement>, HTMLDivElement>, keyof CommonProps | keyof StackOwnProps>'.
src/components/tools/color/PaletteGenerator.tsx(237,14): error TS2769: No overload matches this call.
  Overload 1 of 2, '(props: { component: ElementType<any, keyof IntrinsicElements>; } & StackOwnProps & CommonProps & Omit<any, keyof CommonProps | keyof StackOwnProps>): Element | null', gave the following error.
    Property 'component' is missing in type '{ children: Element[]; direction: "row"; spacing: number; justifyContent: string; }' but required in type '{ component: ElementType<any, keyof IntrinsicElements>; }'.
  Overload 2 of 2, '(props: DefaultComponentProps<StackTypeMap<{}, "div">>): Element | null', gave the following error.
    Type '{ children: Element[]; direction: "row"; spacing: number; justifyContent: string; }' is not assignable to type 'IntrinsicAttributes & StackOwnProps & CommonProps & Omit<DetailedHTMLProps<HTMLAttributes<HTMLDivElement>, HTMLDivElement>, keyof CommonProps | keyof StackOwnProps>'.
      Property 'justifyContent' does not exist on type 'IntrinsicAttributes & StackOwnProps & CommonProps & Omit<DetailedHTMLProps<HTMLAttributes<HTMLDivElement>, HTMLDivElement>, keyof CommonProps | keyof StackOwnProps>'.
src/components/tools/developer/JsonFormatterValidator.tsx(8,36): error TS2307: Cannot find module '@mui/icons-material/CheckCircleOutline' or its corresponding type declarations.
src/components/tools/developer/JsonFormatterValidator.tsx(133,13): error TS2322: Type '{ multiline: true; rows: number; fullWidth: true; placeholder: string; value: string; readOnly: true; slotProps: { input: { sx: { fontFamily: "monospace"; fontSize: string; bgcolor: "rgba(0, 0, 0, 0.02)"; }; }; }; }' is not assignable to type 'IntrinsicAttributes & { variant?: TextFieldVariants | undefined; } & Omit<OutlinedTextFieldProps | FilledTextFieldProps | StandardTextFieldProps, "variant">'.
  Property 'readOnly' does not exist on type 'IntrinsicAttributes & { variant?: TextFieldVariants | undefined; } & Omit<OutlinedTextFieldProps | FilledTextFieldProps | StandardTextFieldProps, "variant">'.
src/components/tools/document/PdfLockUnlock.tsx(278,19): error TS2322: Type '{ label: string; type: "password" | "text"; value: string; onChange: (e: ChangeEvent<HTMLInputElement | HTMLTextAreaElement, Element>) => void; disabled: boolean; fullWidth: true; InputProps: any; }' is not assignable to type 'IntrinsicAttributes & { variant?: TextFieldVariants | undefined; } & Omit<StandardTextFieldProps | OutlinedTextFieldProps | FilledTextFieldProps, "variant">'.
  Property 'InputProps' does not exist on type 'IntrinsicAttributes & { variant?: TextFieldVariants | undefined; } & Omit<StandardTextFieldProps | OutlinedTextFieldProps | FilledTextFieldProps, "variant">'.
src/components/tools/document/PdfMergeSplitter.tsx(387,23): error TS2322: Type '{ primary: string; secondary: string; primaryTypographyProps: { sx: { fontWeight: number; fontSize: string; whiteSpace: string; overflow: string; textOverflow: string; maxWidth: { xs: number; sm: number; }; }; }; secondaryTypographyProps: { ...; }; }' is not assignable to type 'IntrinsicAttributes & ListItemTextProps<"span", "p">'.
  Property 'primaryTypographyProps' does not exist on type 'IntrinsicAttributes & ListItemTextProps<"span", "p">'.
src/components/tools/document/PdfToWord.tsx(321,53): error TS2322: Type '{ primary: string; primaryTypographyProps: { sx: { fontSize: string; fontFamily: string; }; }; }' is not assignable to type 'IntrinsicAttributes & ListItemTextProps<"span", "p">'.
  Property 'primaryTypographyProps' does not exist on type 'IntrinsicAttributes & ListItemTextProps<"span", "p">'.
src/components/tools/image/ImageCompressor.tsx(10,3): error TS2724: '"@mui/material"' has no exported member named 'Grid2'. Did you mean 'Grid'?
src/components/tools/image/ImageCompressor.tsx(318,14): error TS2769: No overload matches this call.
  Overload 1 of 2, '(props: { component: ElementType<any, keyof IntrinsicElements>; } & StackOwnProps & CommonProps & Omit<any, keyof CommonProps | keyof StackOwnProps>): Element | null', gave the following error.
    Property 'component' is missing in type '{ children: Element[]; direction: "row"; spacing: number; justifyContent: string; }' but required in type '{ component: ElementType<any, keyof IntrinsicElements>; }'.
  Overload 2 of 2, '(props: DefaultComponentProps<StackTypeMap<{}, "div">>): Element | null', gave the following error.
    Type '{ children: Element[]; direction: "row"; spacing: number; justifyContent: string; }' is not assignable to type 'IntrinsicAttributes & StackOwnProps & CommonProps & Omit<DetailedHTMLProps<HTMLAttributes<HTMLDivElement>, HTMLDivElement>, keyof CommonProps | keyof StackOwnProps>'.
      Property 'justifyContent' does not exist on type 'IntrinsicAttributes & StackOwnProps & CommonProps & Omit<DetailedHTMLProps<HTMLAttributes<HTMLDivElement>, HTMLDivElement>, keyof CommonProps | keyof StackOwnProps>'.
src/components/tools/image/ImageConverter.tsx(13,3): error TS2724: '"@mui/material"' has no exported member named 'Grid2'. Did you mean 'Grid'?
src/components/tools/image/ImageConverter.tsx(265,14): error TS2769: No overload matches this call.
  Overload 1 of 2, '(props: { component: ElementType<any, keyof IntrinsicElements>; } & StackOwnProps & CommonProps & Omit<any, keyof CommonProps | keyof StackOwnProps>): Element | null', gave the following error.
    Property 'component' is missing in type '{ children: Element[]; direction: { xs: "column"; sm: "row"; }; spacing: number; alignItems: string; justifyContent: string; }' but required in type '{ component: ElementType<any, keyof IntrinsicElements>; }'.
  Overload 2 of 2, '(props: DefaultComponentProps<StackTypeMap<{}, "div">>): Element | null', gave the following error.
    Type '{ children: Element[]; direction: { xs: "column"; sm: "row"; }; spacing: number; alignItems: string; justifyContent: string; }' is not assignable to type 'IntrinsicAttributes & StackOwnProps & CommonProps & Omit<DetailedHTMLProps<HTMLAttributes<HTMLDivElement>, HTMLDivElement>, keyof CommonProps | keyof StackOwnProps>'.
      Property 'alignItems' does not exist on type 'IntrinsicAttributes & StackOwnProps & CommonProps & Omit<DetailedHTMLProps<HTMLAttributes<HTMLDivElement>, HTMLDivElement>, keyof CommonProps | keyof StackOwnProps>'.
src/components/tools/image/ImageCropper.tsx(13,3): error TS2724: '"@mui/material"' has no exported member named 'Grid2'. Did you mean 'Grid'?
src/components/tools/image/ImageCropper.tsx(477,14): error TS2769: No overload matches this call.
  Overload 1 of 2, '(props: { component: ElementType<any, keyof IntrinsicElements>; } & StackOwnProps & CommonProps & Omit<any, keyof CommonProps | keyof StackOwnProps>): Element | null', gave the following error.
    Property 'component' is missing in type '{ children: Element[]; direction: "row"; spacing: number; justifyContent: string; }' but required in type '{ component: ElementType<any, keyof IntrinsicElements>; }'.
  Overload 2 of 2, '(props: DefaultComponentProps<StackTypeMap<{}, "div">>): Element | null', gave the following error.
    Type '{ children: Element[]; direction: "row"; spacing: number; justifyContent: string; }' is not assignable to type 'IntrinsicAttributes & StackOwnProps & CommonProps & Omit<DetailedHTMLProps<HTMLAttributes<HTMLDivElement>, HTMLDivElement>, keyof CommonProps | keyof StackOwnProps>'.
      Property 'justifyContent' does not exist on type 'IntrinsicAttributes & StackOwnProps & CommonProps & Omit<DetailedHTMLProps<HTMLAttributes<HTMLDivElement>, HTMLDivElement>, keyof CommonProps | keyof StackOwnProps>'.
src/components/tools/image/ImageResizer.tsx(12,3): error TS2724: '"@mui/material"' has no exported member named 'Grid2'. Did you mean 'Grid'?
src/components/tools/image/ImageResizer.tsx(351,14): error TS2769: No overload matches this call.
  Overload 1 of 2, '(props: { component: ElementType<any, keyof IntrinsicElements>; } & StackOwnProps & CommonProps & Omit<any, keyof CommonProps | keyof StackOwnProps>): Element | null', gave the following error.
    Property 'component' is missing in type '{ children: Element[]; direction: "row"; spacing: number; justifyContent: string; }' but required in type '{ component: ElementType<any, keyof IntrinsicElements>; }'.
  Overload 2 of 2, '(props: DefaultComponentProps<StackTypeMap<{}, "div">>): Element | null', gave the following error.
    Type '{ children: Element[]; direction: "row"; spacing: number; justifyContent: string; }' is not assignable to type 'IntrinsicAttributes & StackOwnProps & CommonProps & Omit<DetailedHTMLProps<HTMLAttributes<HTMLDivElement>, HTMLDivElement>, keyof CommonProps | keyof StackOwnProps>'.
      Property 'justifyContent' does not exist on type 'IntrinsicAttributes & StackOwnProps & CommonProps & Omit<DetailedHTMLProps<HTMLAttributes<HTMLDivElement>, HTMLDivElement>, keyof CommonProps | keyof StackOwnProps>'.
src/components/tools/image/ImageRotator.tsx(9,3): error TS2724: '"@mui/material"' has no exported member named 'Grid2'. Did you mean 'Grid'?
src/components/tools/image/ImageRotator.tsx(308,20): error TS2769: No overload matches this call.
  Overload 1 of 2, '(props: { component: ElementType<any, keyof IntrinsicElements>; } & StackOwnProps & CommonProps & Omit<any, keyof CommonProps | keyof StackOwnProps>): Element | null', gave the following error.
    Property 'component' is missing in type '{ children: Element[]; direction: "row"; justifyContent: string; sx: { mb: number; }; }' but required in type '{ component: ElementType<any, keyof IntrinsicElements>; }'.
  Overload 2 of 2, '(props: DefaultComponentProps<StackTypeMap<{}, "div">>): Element | null', gave the following error.
    Type '{ children: Element[]; direction: "row"; justifyContent: string; sx: { mb: number; }; }' is not assignable to type 'IntrinsicAttributes & StackOwnProps & CommonProps & Omit<DetailedHTMLProps<HTMLAttributes<HTMLDivElement>, HTMLDivElement>, keyof CommonProps | keyof StackOwnProps>'.
      Property 'justifyContent' does not exist on type 'IntrinsicAttributes & StackOwnProps & CommonProps & Omit<DetailedHTMLProps<HTMLAttributes<HTMLDivElement>, HTMLDivElement>, keyof CommonProps | keyof StackOwnProps>'.
src/components/tools/image/ImageToText.tsx(9,3): error TS2724: '"@mui/material"' has no exported member named 'Grid2'. Did you mean 'Grid'?
src/components/tools/image/ImageToText.tsx(272,17): error TS2322: Type '{ multiline: true; rows: number; fullWidth: true; placeholder: string; value: string; readOnly: true; slotProps: { input: { sx: { fontFamily: "inherit"; fontSize: string; bgcolor: "rgba(0, 0, 0, 0.01)"; }; }; }; }' is not assignable to type 'IntrinsicAttributes & { variant?: TextFieldVariants | undefined; } & Omit<OutlinedTextFieldProps | FilledTextFieldProps | StandardTextFieldProps, "variant">'.
  Property 'readOnly' does not exist on type 'IntrinsicAttributes & { variant?: TextFieldVariants | undefined; } & Omit<OutlinedTextFieldProps | FilledTextFieldProps | StandardTextFieldProps, "variant">'.
src/components/tools/image/ImageToText.tsx(281,18): error TS2769: No overload matches this call.
  Overload 1 of 2, '(props: { component: ElementType<any, keyof IntrinsicElements>; } & StackOwnProps & CommonProps & Omit<any, keyof CommonProps | keyof StackOwnProps>): Element | null', gave the following error.
    Property 'component' is missing in type '{ children: Element[]; direction: "row"; spacing: number; justifyContent: string; sx: { mt: number; }; }' but required in type '{ component: ElementType<any, keyof IntrinsicElements>; }'.
  Overload 2 of 2, '(props: DefaultComponentProps<StackTypeMap<{}, "div">>): Element | null', gave the following error.
    Type '{ children: Element[]; direction: "row"; spacing: number; justifyContent: string; sx: { mt: number; }; }' is not assignable to type 'IntrinsicAttributes & StackOwnProps & CommonProps & Omit<DetailedHTMLProps<HTMLAttributes<HTMLDivElement>, HTMLDivElement>, keyof CommonProps | keyof StackOwnProps>'.
      Property 'justifyContent' does not exist on type 'IntrinsicAttributes & StackOwnProps & CommonProps & Omit<DetailedHTMLProps<HTMLAttributes<HTMLDivElement>, HTMLDivElement>, keyof CommonProps | keyof StackOwnProps>'.
src/components/tools/image/ImageToText.tsx(307,12): error TS2769: No overload matches this call.
  Overload 1 of 2, '(props: { component: ElementType<any, keyof IntrinsicElements>; } & StackOwnProps & CommonProps & Omit<any, keyof CommonProps | keyof StackOwnProps>): Element | null', gave the following error.
    Property 'component' is missing in type '{ children: Element[]; direction: "row"; justifyContent: string; sx: { mb: number; }; }' but required in type '{ component: ElementType<any, keyof IntrinsicElements>; }'.
  Overload 2 of 2, '(props: DefaultComponentProps<StackTypeMap<{}, "div">>): Element | null', gave the following error.
    Type '{ children: Element[]; direction: "row"; justifyContent: string; sx: { mb: number; }; }' is not assignable to type 'IntrinsicAttributes & StackOwnProps & CommonProps & Omit<DetailedHTMLProps<HTMLAttributes<HTMLDivElement>, HTMLDivElement>, keyof CommonProps | keyof StackOwnProps>'.
      Property 'justifyContent' does not exist on type 'IntrinsicAttributes & StackOwnProps & CommonProps & Omit<DetailedHTMLProps<HTMLAttributes<HTMLDivElement>, HTMLDivElement>, keyof CommonProps | keyof StackOwnProps>'.
src/components/tools/seo/KeywordDensityChecker.tsx(216,10): error TS2769: No overload matches this call.
  Overload 1 of 2, '(props: { component: ElementType<any, keyof IntrinsicElements>; } & GridBaseProps & { sx?: SxProps<Theme> | undefined; } & Omit<...>): Element | null', gave the following error.
    Property 'component' is missing in type '{ children: Element; item: true; xs: number; }' but required in type '{ component: ElementType<any, keyof IntrinsicElements>; }'.
  Overload 2 of 2, '(props: DefaultComponentProps<GridTypeMap<{}, "div">>): Element | null', gave the following error.
    Type '{ children: Element; item: true; xs: number; }' is not assignable to type 'IntrinsicAttributes & GridBaseProps & { sx?: SxProps<Theme> | undefined; } & Omit<DetailedHTMLProps<HTMLAttributes<HTMLDivElement>, HTMLDivElement>, "sx" | keyof GridBaseProps>'.
      Property 'item' does not exist on type 'IntrinsicAttributes & GridBaseProps & { sx?: SxProps<Theme> | undefined; } & Omit<DetailedHTMLProps<HTMLAttributes<HTMLDivElement>, HTMLDivElement>, "sx" | keyof GridBaseProps>'.
src/components/tools/seo/KeywordDensityChecker.tsx(232,10): error TS2769: No overload matches this call.
  Overload 1 of 2, '(props: { component: ElementType<any, keyof IntrinsicElements>; } & GridBaseProps & { sx?: SxProps<Theme> | undefined; } & Omit<...>): Element | null', gave the following error.
    Property 'component' is missing in type '{ children: Element; item: true; xs: number; md: number; }' but required in type '{ component: ElementType<any, keyof IntrinsicElements>; }'.
  Overload 2 of 2, '(props: DefaultComponentProps<GridTypeMap<{}, "div">>): Element | null', gave the following error.
    Type '{ children: Element; item: true; xs: number; md: number; }' is not assignable to type 'IntrinsicAttributes & GridBaseProps & { sx?: SxProps<Theme> | undefined; } & Omit<DetailedHTMLProps<HTMLAttributes<HTMLDivElement>, HTMLDivElement>, "sx" | keyof GridBaseProps>'.
      Property 'item' does not exist on type 'IntrinsicAttributes & GridBaseProps & { sx?: SxProps<Theme> | undefined; } & Omit<DetailedHTMLProps<HTMLAttributes<HTMLDivElement>, HTMLDivElement>, "sx" | keyof GridBaseProps>'.
src/components/tools/seo/KeywordDensityChecker.tsx(245,10): error TS2769: No overload matches this call.
  Overload 1 of 2, '(props: { component: ElementType<any, keyof IntrinsicElements>; } & GridBaseProps & { sx?: SxProps<Theme> | undefined; } & Omit<...>): Element | null', gave the following error.
    Property 'component' is missing in type '{ children: Element; item: true; xs: number; md: number; }' but required in type '{ component: ElementType<any, keyof IntrinsicElements>; }'.
  Overload 2 of 2, '(props: DefaultComponentProps<GridTypeMap<{}, "div">>): Element | null', gave the following error.
    Type '{ children: Element; item: true; xs: number; md: number; }' is not assignable to type 'IntrinsicAttributes & GridBaseProps & { sx?: SxProps<Theme> | undefined; } & Omit<DetailedHTMLProps<HTMLAttributes<HTMLDivElement>, HTMLDivElement>, "sx" | keyof GridBaseProps>'.
      Property 'item' does not exist on type 'IntrinsicAttributes & GridBaseProps & { sx?: SxProps<Theme> | undefined; } & Omit<DetailedHTMLProps<HTMLAttributes<HTMLDivElement>, HTMLDivElement>, "sx" | keyof GridBaseProps>'.
src/components/tools/seo/KeywordDensityChecker.tsx(268,10): error TS2769: No overload matches this call.
  Overload 1 of 2, '(props: { component: ElementType<any, keyof IntrinsicElements>; } & GridBaseProps & { sx?: SxProps<Theme> | undefined; } & Omit<...>): Element | null', gave the following error.
    Property 'component' is missing in type '{ children: Element; item: true; xs: number; }' but required in type '{ component: ElementType<any, keyof IntrinsicElements>; }'.
  Overload 2 of 2, '(props: DefaultComponentProps<GridTypeMap<{}, "div">>): Element | null', gave the following error.
    Type '{ children: Element; item: true; xs: number; }' is not assignable to type 'IntrinsicAttributes & GridBaseProps & { sx?: SxProps<Theme> | undefined; } & Omit<DetailedHTMLProps<HTMLAttributes<HTMLDivElement>, HTMLDivElement>, "sx" | keyof GridBaseProps>'.
      Property 'item' does not exist on type 'IntrinsicAttributes & GridBaseProps & { sx?: SxProps<Theme> | undefined; } & Omit<DetailedHTMLProps<HTMLAttributes<HTMLDivElement>, HTMLDivElement>, "sx" | keyof GridBaseProps>'.
src/components/tools/seo/KeywordDensityChecker.tsx(291,14): error TS2769: No overload matches this call.
  Overload 1 of 2, '(props: { component: ElementType<any, keyof IntrinsicElements>; } & GridBaseProps & { sx?: SxProps<Theme> | undefined; } & Omit<...>): Element | null', gave the following error.
    Property 'component' is missing in type '{ children: Element; item: true; xs: number; sm: number; }' but required in type '{ component: ElementType<any, keyof IntrinsicElements>; }'.
  Overload 2 of 2, '(props: DefaultComponentProps<GridTypeMap<{}, "div">>): Element | null', gave the following error.
    Type '{ children: Element; item: true; xs: number; sm: number; }' is not assignable to type 'IntrinsicAttributes & GridBaseProps & { sx?: SxProps<Theme> | undefined; } & Omit<DetailedHTMLProps<HTMLAttributes<HTMLDivElement>, HTMLDivElement>, "sx" | keyof GridBaseProps>'.
      Property 'item' does not exist on type 'IntrinsicAttributes & GridBaseProps & { sx?: SxProps<Theme> | undefined; } & Omit<DetailedHTMLProps<HTMLAttributes<HTMLDivElement>, HTMLDivElement>, "sx" | keyof GridBaseProps>'.
src/components/tools/seo/KeywordDensityChecker.tsx(306,18): error TS2769: No overload matches this call.
  Overload 1 of 2, '(props: { component: ElementType<any, keyof IntrinsicElements>; } & GridBaseProps & { sx?: SxProps<Theme> | undefined; } & Omit<...>): Element | null', gave the following error.
    Property 'component' is missing in type '{ children: Element; item: true; xs: number; sm: number; }' but required in type '{ component: ElementType<any, keyof IntrinsicElements>; }'.
  Overload 2 of 2, '(props: DefaultComponentProps<GridTypeMap<{}, "div">>): Element | null', gave the following error.
    Type '{ children: Element; item: true; xs: number; sm: number; }' is not assignable to type 'IntrinsicAttributes & GridBaseProps & { sx?: SxProps<Theme> | undefined; } & Omit<DetailedHTMLProps<HTMLAttributes<HTMLDivElement>, HTMLDivElement>, "sx" | keyof GridBaseProps>'.
      Property 'item' does not exist on type 'IntrinsicAttributes & GridBaseProps & { sx?: SxProps<Theme> | undefined; } & Omit<DetailedHTMLProps<HTMLAttributes<HTMLDivElement>, HTMLDivElement>, "sx" | keyof GridBaseProps>'.
src/components/tools/seo/KeywordDensityChecker.tsx(319,18): error TS2769: No overload matches this call.
  Overload 1 of 2, '(props: { component: ElementType<any, keyof IntrinsicElements>; } & GridBaseProps & { sx?: SxProps<Theme> | undefined; } & Omit<...>): Element | null', gave the following error.
    Property 'component' is missing in type '{ children: Element; item: true; xs: number; sm: number; }' but required in type '{ component: ElementType<any, keyof IntrinsicElements>; }'.
  Overload 2 of 2, '(props: DefaultComponentProps<GridTypeMap<{}, "div">>): Element | null', gave the following error.
    Type '{ children: Element; item: true; xs: number; sm: number; }' is not assignable to type 'IntrinsicAttributes & GridBaseProps & { sx?: SxProps<Theme> | undefined; } & Omit<DetailedHTMLProps<HTMLAttributes<HTMLDivElement>, HTMLDivElement>, "sx" | keyof GridBaseProps>'.
      Property 'item' does not exist on type 'IntrinsicAttributes & GridBaseProps & { sx?: SxProps<Theme> | undefined; } & Omit<DetailedHTMLProps<HTMLAttributes<HTMLDivElement>, HTMLDivElement>, "sx" | keyof GridBaseProps>'.
src/components/tools/seo/MetaTagAnalyzer.tsx(262,10): error TS2769: No overload matches this call.
  Overload 1 of 2, '(props: { component: ElementType<any, keyof IntrinsicElements>; } & GridBaseProps & { sx?: SxProps<Theme> | undefined; } & Omit<...>): Element | null', gave the following error.
    Property 'component' is missing in type '{ children: Element[]; container: true; spacing: number; alignItems: string; }' but required in type '{ component: ElementType<any, keyof IntrinsicElements>; }'.
  Overload 2 of 2, '(props: DefaultComponentProps<GridTypeMap<{}, "div">>): Element | null', gave the following error.
    Type '{ children: Element[]; container: true; spacing: number; alignItems: string; }' is not assignable to type 'IntrinsicAttributes & GridBaseProps & { sx?: SxProps<Theme> | undefined; } & Omit<DetailedHTMLProps<HTMLAttributes<HTMLDivElement>, HTMLDivElement>, "sx" | keyof GridBaseProps>'.
      Property 'alignItems' does not exist on type 'IntrinsicAttributes & GridBaseProps & { sx?: SxProps<Theme> | undefined; } & Omit<DetailedHTMLProps<HTMLAttributes<HTMLDivElement>, HTMLDivElement>, "sx" | keyof GridBaseProps>'.
src/components/tools/seo/MetaTagAnalyzer.tsx(263,12): error TS2769: No overload matches this call.
  Overload 1 of 2, '(props: { component: ElementType<any, keyof IntrinsicElements>; } & GridBaseProps & { sx?: SxProps<Theme> | undefined; } & Omit<...>): Element | null', gave the following error.
    Property 'component' is missing in type '{ children: Element; item: true; xs: number; md: number; }' but required in type '{ component: ElementType<any, keyof IntrinsicElements>; }'.
  Overload 2 of 2, '(props: DefaultComponentProps<GridTypeMap<{}, "div">>): Element | null', gave the following error.
    Type '{ children: Element; item: true; xs: number; md: number; }' is not assignable to type 'IntrinsicAttributes & GridBaseProps & { sx?: SxProps<Theme> | undefined; } & Omit<DetailedHTMLProps<HTMLAttributes<HTMLDivElement>, HTMLDivElement>, "sx" | keyof GridBaseProps>'.
      Property 'item' does not exist on type 'IntrinsicAttributes & GridBaseProps & { sx?: SxProps<Theme> | undefined; } & Omit<DetailedHTMLProps<HTMLAttributes<HTMLDivElement>, HTMLDivElement>, "sx" | keyof GridBaseProps>'.
src/components/tools/seo/MetaTagAnalyzer.tsx(278,12): error TS2769: No overload matches this call.
  Overload 1 of 2, '(props: { component: ElementType<any, keyof IntrinsicElements>; } & GridBaseProps & { sx?: SxProps<Theme> | undefined; } & Omit<...>): Element | null', gave the following error.
    Property 'component' is missing in type '{ children: Element; item: true; xs: number; md: number; }' but required in type '{ component: ElementType<any, keyof IntrinsicElements>; }'.
  Overload 2 of 2, '(props: DefaultComponentProps<GridTypeMap<{}, "div">>): Element | null', gave the following error.
    Type '{ children: Element; item: true; xs: number; md: number; }' is not assignable to type 'IntrinsicAttributes & GridBaseProps & { sx?: SxProps<Theme> | undefined; } & Omit<DetailedHTMLProps<HTMLAttributes<HTMLDivElement>, HTMLDivElement>, "sx" | keyof GridBaseProps>'.
      Property 'item' does not exist on type 'IntrinsicAttributes & GridBaseProps & { sx?: SxProps<Theme> | undefined; } & Omit<DetailedHTMLProps<HTMLAttributes<HTMLDivElement>, HTMLDivElement>, "sx" | keyof GridBaseProps>'.
src/components/tools/seo/MetaTagAnalyzer.tsx(295,12): error TS2769: No overload matches this call.
  Overload 1 of 2, '(props: { component: ElementType<any, keyof IntrinsicElements>; } & GridBaseProps & { sx?: SxProps<Theme> | undefined; } & Omit<...>): Element | null', gave the following error.
    Property 'component' is missing in type '{ children: Element; item: true; xs: number; }' but required in type '{ component: ElementType<any, keyof IntrinsicElements>; }'.
  Overload 2 of 2, '(props: DefaultComponentProps<GridTypeMap<{}, "div">>): Element | null', gave the following error.
    Type '{ children: Element; item: true; xs: number; }' is not assignable to type 'IntrinsicAttributes & GridBaseProps & { sx?: SxProps<Theme> | undefined; } & Omit<DetailedHTMLProps<HTMLAttributes<HTMLDivElement>, HTMLDivElement>, "sx" | keyof GridBaseProps>'.
      Property 'item' does not exist on type 'IntrinsicAttributes & GridBaseProps & { sx?: SxProps<Theme> | undefined; } & Omit<DetailedHTMLProps<HTMLAttributes<HTMLDivElement>, HTMLDivElement>, "sx" | keyof GridBaseProps>'.
src/components/tools/seo/MetaTagAnalyzer.tsx(309,12): error TS2769: No overload matches this call.
  Overload 1 of 2, '(props: { component: ElementType<any, keyof IntrinsicElements>; } & GridBaseProps & { sx?: SxProps<Theme> | undefined; } & Omit<...>): Element | null', gave the following error.
    Property 'component' is missing in type '{ children: Element; item: true; xs: number; }' but required in type '{ component: ElementType<any, keyof IntrinsicElements>; }'.
  Overload 2 of 2, '(props: DefaultComponentProps<GridTypeMap<{}, "div">>): Element | null', gave the following error.
    Type '{ children: Element; item: true; xs: number; }' is not assignable to type 'IntrinsicAttributes & GridBaseProps & { sx?: SxProps<Theme> | undefined; } & Omit<DetailedHTMLProps<HTMLAttributes<HTMLDivElement>, HTMLDivElement>, "sx" | keyof GridBaseProps>'.
      Property 'item' does not exist on type 'IntrinsicAttributes & GridBaseProps & { sx?: SxProps<Theme> | undefined; } & Omit<DetailedHTMLProps<HTMLAttributes<HTMLDivElement>, HTMLDivElement>, "sx" | keyof GridBaseProps>'.
src/components/tools/seo/MetaTagAnalyzer.tsx(324,14): error TS2769: No overload matches this call.
  Overload 1 of 2, '(props: { component: ElementType<any, keyof IntrinsicElements>; } & GridBaseProps & { sx?: SxProps<Theme> | undefined; } & Omit<...>): Element | null', gave the following error.
    Property 'component' is missing in type '{ children: Element; item: true; xs: number; md: number; }' but required in type '{ component: ElementType<any, keyof IntrinsicElements>; }'.
  Overload 2 of 2, '(props: DefaultComponentProps<GridTypeMap<{}, "div">>): Element | null', gave the following error.
    Type '{ children: Element; item: true; xs: number; md: number; }' is not assignable to type 'IntrinsicAttributes & GridBaseProps & { sx?: SxProps<Theme> | undefined; } & Omit<DetailedHTMLProps<HTMLAttributes<HTMLDivElement>, HTMLDivElement>, "sx" | keyof GridBaseProps>'.
      Property 'item' does not exist on type 'IntrinsicAttributes & GridBaseProps & { sx?: SxProps<Theme> | undefined; } & Omit<DetailedHTMLProps<HTMLAttributes<HTMLDivElement>, HTMLDivElement>, "sx" | keyof GridBaseProps>'.
src/components/tools/seo/MetaTagAnalyzer.tsx(361,14): error TS2769: No overload matches this call.
  Overload 1 of 2, '(props: { component: ElementType<any, keyof IntrinsicElements>; } & GridBaseProps & { sx?: SxProps<Theme> | undefined; } & Omit<...>): Element | null', gave the following error.
    Property 'component' is missing in type '{ children: Element; item: true; xs: number; md: number; }' but required in type '{ component: ElementType<any, keyof IntrinsicElements>; }'.
  Overload 2 of 2, '(props: DefaultComponentProps<GridTypeMap<{}, "div">>): Element | null', gave the following error.
    Type '{ children: Element; item: true; xs: number; md: number; }' is not assignable to type 'IntrinsicAttributes & GridBaseProps & { sx?: SxProps<Theme> | undefined; } & Omit<DetailedHTMLProps<HTMLAttributes<HTMLDivElement>, HTMLDivElement>, "sx" | keyof GridBaseProps>'.
      Property 'item' does not exist on type 'IntrinsicAttributes & GridBaseProps & { sx?: SxProps<Theme> | undefined; } & Omit<DetailedHTMLProps<HTMLAttributes<HTMLDivElement>, HTMLDivElement>, "sx" | keyof GridBaseProps>'.
src/components/tools/seo/MetaTagAnalyzer.tsx(460,14): error TS2769: No overload matches this call.
  Overload 1 of 2, '(props: { component: ElementType<any, keyof IntrinsicElements>; } & GridBaseProps & { sx?: SxProps<Theme> | undefined; } & Omit<...>): Element | null', gave the following error.
    Property 'component' is missing in type '{ children: Element; item: true; xs: number; md: number; }' but required in type '{ component: ElementType<any, keyof IntrinsicElements>; }'.
  Overload 2 of 2, '(props: DefaultComponentProps<GridTypeMap<{}, "div">>): Element | null', gave the following error.
    Type '{ children: Element; item: true; xs: number; md: number; }' is not assignable to type 'IntrinsicAttributes & GridBaseProps & { sx?: SxProps<Theme> | undefined; } & Omit<DetailedHTMLProps<HTMLAttributes<HTMLDivElement>, HTMLDivElement>, "sx" | keyof GridBaseProps>'.
      Property 'item' does not exist on type 'IntrinsicAttributes & GridBaseProps & { sx?: SxProps<Theme> | undefined; } & Omit<DetailedHTMLProps<HTMLAttributes<HTMLDivElement>, HTMLDivElement>, "sx" | keyof GridBaseProps>'.
src/components/tools/seo/MetaTagAnalyzer.tsx(497,14): error TS2769: No overload matches this call.
  Overload 1 of 2, '(props: { component: ElementType<any, keyof IntrinsicElements>; } & GridBaseProps & { sx?: SxProps<Theme> | undefined; } & Omit<...>): Element | null', gave the following error.
    Property 'component' is missing in type '{ children: Element; item: true; xs: number; md: number; }' but required in type '{ component: ElementType<any, keyof IntrinsicElements>; }'.
  Overload 2 of 2, '(props: DefaultComponentProps<GridTypeMap<{}, "div">>): Element | null', gave the following error.
    Type '{ children: Element; item: true; xs: number; md: number; }' is not assignable to type 'IntrinsicAttributes & GridBaseProps & { sx?: SxProps<Theme> | undefined; } & Omit<DetailedHTMLProps<HTMLAttributes<HTMLDivElement>, HTMLDivElement>, "sx" | keyof GridBaseProps>'.
      Property 'item' does not exist on type 'IntrinsicAttributes & GridBaseProps & { sx?: SxProps<Theme> | undefined; } & Omit<DetailedHTMLProps<HTMLAttributes<HTMLDivElement>, HTMLDivElement>, "sx" | keyof GridBaseProps>'.
src/components/tools/seo/WordCounter.tsx(150,10): error TS2769: No overload matches this call.
  Overload 1 of 2, '(props: { component: ElementType<any, keyof IntrinsicElements>; } & GridBaseProps & { sx?: SxProps<Theme> | undefined; } & Omit<...>): Element | null', gave the following error.
    Property 'component' is missing in type '{ children: Element; item: true; xs: number; md: number; }' but required in type '{ component: ElementType<any, keyof IntrinsicElements>; }'.
  Overload 2 of 2, '(props: DefaultComponentProps<GridTypeMap<{}, "div">>): Element | null', gave the following error.
    Type '{ children: Element; item: true; xs: number; md: number; }' is not assignable to type 'IntrinsicAttributes & GridBaseProps & { sx?: SxProps<Theme> | undefined; } & Omit<DetailedHTMLProps<HTMLAttributes<HTMLDivElement>, HTMLDivElement>, "sx" | keyof GridBaseProps>'.
      Property 'item' does not exist on type 'IntrinsicAttributes & GridBaseProps & { sx?: SxProps<Theme> | undefined; } & Omit<DetailedHTMLProps<HTMLAttributes<HTMLDivElement>, HTMLDivElement>, "sx" | keyof GridBaseProps>'.
src/components/tools/seo/WordCounter.tsx(166,10): error TS2769: No overload matches this call.
  Overload 1 of 2, '(props: { component: ElementType<any, keyof IntrinsicElements>; } & GridBaseProps & { sx?: SxProps<Theme> | undefined; } & Omit<...>): Element | null', gave the following error.
    Property 'component' is missing in type '{ children: Element; item: true; xs: number; md: number; }' but required in type '{ component: ElementType<any, keyof IntrinsicElements>; }'.
  Overload 2 of 2, '(props: DefaultComponentProps<GridTypeMap<{}, "div">>): Element | null', gave the following error.
    Type '{ children: Element; item: true; xs: number; md: number; }' is not assignable to type 'IntrinsicAttributes & GridBaseProps & { sx?: SxProps<Theme> | undefined; } & Omit<DetailedHTMLProps<HTMLAttributes<HTMLDivElement>, HTMLDivElement>, "sx" | keyof GridBaseProps>'.
      Property 'item' does not exist on type 'IntrinsicAttributes & GridBaseProps & { sx?: SxProps<Theme> | undefined; } & Omit<DetailedHTMLProps<HTMLAttributes<HTMLDivElement>, HTMLDivElement>, "sx" | keyof GridBaseProps>'.
src/components/tools/seo/WordCounter.tsx(176,22): error TS2769: No overload matches this call.
  Overload 1 of 2, '(props: { component: ElementType<any, keyof IntrinsicElements>; } & GridBaseProps & { sx?: SxProps<Theme> | undefined; } & Omit<...>): Element | null', gave the following error.
    Property 'component' is missing in type '{ children: Element[]; item: true; xs: number; }' but required in type '{ component: ElementType<any, keyof IntrinsicElements>; }'.
  Overload 2 of 2, '(props: DefaultComponentProps<GridTypeMap<{}, "div">>): Element | null', gave the following error.
    Type '{ children: Element[]; item: true; xs: number; }' is not assignable to type 'IntrinsicAttributes & GridBaseProps & { sx?: SxProps<Theme> | undefined; } & Omit<DetailedHTMLProps<HTMLAttributes<HTMLDivElement>, HTMLDivElement>, "sx" | keyof GridBaseProps>'.
      Property 'item' does not exist on type 'IntrinsicAttributes & GridBaseProps & { sx?: SxProps<Theme> | undefined; } & Omit<DetailedHTMLProps<HTMLAttributes<HTMLDivElement>, HTMLDivElement>, "sx" | keyof GridBaseProps>'.
src/components/tools/seo/WordCounter.tsx(180,22): error TS2769: No overload matches this call.
  Overload 1 of 2, '(props: { component: ElementType<any, keyof IntrinsicElements>; } & GridBaseProps & { sx?: SxProps<Theme> | undefined; } & Omit<...>): Element | null', gave the following error.
    Property 'component' is missing in type '{ children: Element[]; item: true; xs: number; }' but required in type '{ component: ElementType<any, keyof IntrinsicElements>; }'.
  Overload 2 of 2, '(props: DefaultComponentProps<GridTypeMap<{}, "div">>): Element | null', gave the following error.
    Type '{ children: Element[]; item: true; xs: number; }' is not assignable to type 'IntrinsicAttributes & GridBaseProps & { sx?: SxProps<Theme> | undefined; } & Omit<DetailedHTMLProps<HTMLAttributes<HTMLDivElement>, HTMLDivElement>, "sx" | keyof GridBaseProps>'.
      Property 'item' does not exist on type 'IntrinsicAttributes & GridBaseProps & { sx?: SxProps<Theme> | undefined; } & Omit<DetailedHTMLProps<HTMLAttributes<HTMLDivElement>, HTMLDivElement>, "sx" | keyof GridBaseProps>'.
src/components/tools/seo/WordCounter.tsx(184,22): error TS2769: No overload matches this call.
  Overload 1 of 2, '(props: { component: ElementType<any, keyof IntrinsicElements>; } & GridBaseProps & { sx?: SxProps<Theme> | undefined; } & Omit<...>): Element | null', gave the following error.
    Property 'component' is missing in type '{ children: Element[]; item: true; xs: number; }' but required in type '{ component: ElementType<any, keyof IntrinsicElements>; }'.
  Overload 2 of 2, '(props: DefaultComponentProps<GridTypeMap<{}, "div">>): Element | null', gave the following error.
    Type '{ children: Element[]; item: true; xs: number; }' is not assignable to type 'IntrinsicAttributes & GridBaseProps & { sx?: SxProps<Theme> | undefined; } & Omit<DetailedHTMLProps<HTMLAttributes<HTMLDivElement>, HTMLDivElement>, "sx" | keyof GridBaseProps>'.
      Property 'item' does not exist on type 'IntrinsicAttributes & GridBaseProps & { sx?: SxProps<Theme> | undefined; } & Omit<DetailedHTMLProps<HTMLAttributes<HTMLDivElement>, HTMLDivElement>, "sx" | keyof GridBaseProps>'.
src/components/tools/seo/WordCounter.tsx(188,22): error TS2769: No overload matches this call.
  Overload 1 of 2, '(props: { component: ElementType<any, keyof IntrinsicElements>; } & GridBaseProps & { sx?: SxProps<Theme> | undefined; } & Omit<...>): Element | null', gave the following error.
    Property 'component' is missing in type '{ children: Element[]; item: true; xs: number; }' but required in type '{ component: ElementType<any, keyof IntrinsicElements>; }'.
  Overload 2 of 2, '(props: DefaultComponentProps<GridTypeMap<{}, "div">>): Element | null', gave the following error.
    Type '{ children: Element[]; item: true; xs: number; }' is not assignable to type 'IntrinsicAttributes & GridBaseProps & { sx?: SxProps<Theme> | undefined; } & Omit<DetailedHTMLProps<HTMLAttributes<HTMLDivElement>, HTMLDivElement>, "sx" | keyof GridBaseProps>'.
      Property 'item' does not exist on type 'IntrinsicAttributes & GridBaseProps & { sx?: SxProps<Theme> | undefined; } & Omit<DetailedHTMLProps<HTMLAttributes<HTMLDivElement>, HTMLDivElement>, "sx" | keyof GridBaseProps>'.
src/components/tools/seo/WordCounter.tsx(192,22): error TS2769: No overload matches this call.
  Overload 1 of 2, '(props: { component: ElementType<any, keyof IntrinsicElements>; } & GridBaseProps & { sx?: SxProps<Theme> | undefined; } & Omit<...>): Element | null', gave the following error.
    Property 'component' is missing in type '{ children: Element[]; item: true; xs: number; }' but required in type '{ component: ElementType<any, keyof IntrinsicElements>; }'.
  Overload 2 of 2, '(props: DefaultComponentProps<GridTypeMap<{}, "div">>): Element | null', gave the following error.
    Type '{ children: Element[]; item: true; xs: number; }' is not assignable to type 'IntrinsicAttributes & GridBaseProps & { sx?: SxProps<Theme> | undefined; } & Omit<DetailedHTMLProps<HTMLAttributes<HTMLDivElement>, HTMLDivElement>, "sx" | keyof GridBaseProps>'.
      Property 'item' does not exist on type 'IntrinsicAttributes & GridBaseProps & { sx?: SxProps<Theme> | undefined; } & Omit<DetailedHTMLProps<HTMLAttributes<HTMLDivElement>, HTMLDivElement>, "sx" | keyof GridBaseProps>'.
src/components/tools/seo/WordCounter.tsx(206,22): error TS2769: No overload matches this call.
  Overload 1 of 2, '(props: { component: ElementType<any, keyof IntrinsicElements>; } & GridBaseProps & { sx?: SxProps<Theme> | undefined; } & Omit<...>): Element | null', gave the following error.
    Property 'component' is missing in type '{ children: Element[]; item: true; xs: number; }' but required in type '{ component: ElementType<any, keyof IntrinsicElements>; }'.
  Overload 2 of 2, '(props: DefaultComponentProps<GridTypeMap<{}, "div">>): Element | null', gave the following error.
    Type '{ children: Element[]; item: true; xs: number; }' is not assignable to type 'IntrinsicAttributes & GridBaseProps & { sx?: SxProps<Theme> | undefined; } & Omit<DetailedHTMLProps<HTMLAttributes<HTMLDivElement>, HTMLDivElement>, "sx" | keyof GridBaseProps>'.
      Property 'item' does not exist on type 'IntrinsicAttributes & GridBaseProps & { sx?: SxProps<Theme> | undefined; } & Omit<DetailedHTMLProps<HTMLAttributes<HTMLDivElement>, HTMLDivElement>, "sx" | keyof GridBaseProps>'.
src/components/tools/seo/WordCounter.tsx(210,22): error TS2769: No overload matches this call.
  Overload 1 of 2, '(props: { component: ElementType<any, keyof IntrinsicElements>; } & GridBaseProps & { sx?: SxProps<Theme> | undefined; } & Omit<...>): Element | null', gave the following error.
    Property 'component' is missing in type '{ children: Element[]; item: true; xs: number; }' but required in type '{ component: ElementType<any, keyof IntrinsicElements>; }'.
  Overload 2 of 2, '(props: DefaultComponentProps<GridTypeMap<{}, "div">>): Element | null', gave the following error.
    Type '{ children: Element[]; item: true; xs: number; }' is not assignable to type 'IntrinsicAttributes & GridBaseProps & { sx?: SxProps<Theme> | undefined; } & Omit<DetailedHTMLProps<HTMLAttributes<HTMLDivElement>, HTMLDivElement>, "sx" | keyof GridBaseProps>'.
      Property 'item' does not exist on type 'IntrinsicAttributes & GridBaseProps & { sx?: SxProps<Theme> | undefined; } & Omit<DetailedHTMLProps<HTMLAttributes<HTMLDivElement>, HTMLDivElement>, "sx" | keyof GridBaseProps>'.
src/components/tools/text/TextCaseConverter.tsx(4,46): error TS2724: '"@mui/material"' has no exported member named 'Grid2'. Did you mean 'Grid'?
src/components/tools/text/TextCaseConverter.tsx(131,8): error TS2769: No overload matches this call.
  Overload 1 of 2, '(props: { component: ElementType<any, keyof IntrinsicElements>; } & StackOwnProps & CommonProps & Omit<any, keyof CommonProps | keyof StackOwnProps>): Element | null', gave the following error.
    Property 'component' is missing in type '{ children: Element[]; direction: "row"; spacing: number; justifyContent: string; }' but required in type '{ component: ElementType<any, keyof IntrinsicElements>; }'.
  Overload 2 of 2, '(props: DefaultComponentProps<StackTypeMap<{}, "div">>): Element | null', gave the following error.
    Type '{ children: Element[]; direction: "row"; spacing: number; justifyContent: string; }' is not assignable to type 'IntrinsicAttributes & StackOwnProps & CommonProps & Omit<DetailedHTMLProps<HTMLAttributes<HTMLDivElement>, HTMLDivElement>, keyof CommonProps | keyof StackOwnProps>'.
      Property 'justifyContent' does not exist on type 'IntrinsicAttributes & StackOwnProps & CommonProps & Omit<DetailedHTMLProps<HTMLAttributes<HTMLDivElement>, HTMLDivElement>, keyof CommonProps | keyof StackOwnProps>'.
src/components/tools/utility/BarcodeGenerator.tsx(93,10): error TS2769: No overload matches this call.
  Overload 1 of 2, '(props: { component: ElementType<any, keyof IntrinsicElements>; } & GridBaseProps & { sx?: SxProps<Theme> | undefined; } & Omit<...>): Element | null', gave the following error.
    Property 'component' is missing in type '{ children: Element; item: true; xs: number; md: number; }' but required in type '{ component: ElementType<any, keyof IntrinsicElements>; }'.
  Overload 2 of 2, '(props: DefaultComponentProps<GridTypeMap<{}, "div">>): Element | null', gave the following error.
    Type '{ children: Element; item: true; xs: number; md: number; }' is not assignable to type 'IntrinsicAttributes & GridBaseProps & { sx?: SxProps<Theme> | undefined; } & Omit<DetailedHTMLProps<HTMLAttributes<HTMLDivElement>, HTMLDivElement>, "sx" | keyof GridBaseProps>'.
      Property 'item' does not exist on type 'IntrinsicAttributes & GridBaseProps & { sx?: SxProps<Theme> | undefined; } & Omit<DetailedHTMLProps<HTMLAttributes<HTMLDivElement>, HTMLDivElement>, "sx" | keyof GridBaseProps>'.
src/components/tools/utility/BarcodeGenerator.tsx(133,18): error TS2769: No overload matches this call.
  Overload 1 of 2, '(props: { component: ElementType<any, keyof IntrinsicElements>; } & GridBaseProps & { sx?: SxProps<Theme> | undefined; } & Omit<...>): Element | null', gave the following error.
    Property 'component' is missing in type '{ children: Element; item: true; xs: number; }' but required in type '{ component: ElementType<any, keyof IntrinsicElements>; }'.
  Overload 2 of 2, '(props: DefaultComponentProps<GridTypeMap<{}, "div">>): Element | null', gave the following error.
    Type '{ children: Element; item: true; xs: number; }' is not assignable to type 'IntrinsicAttributes & GridBaseProps & { sx?: SxProps<Theme> | undefined; } & Omit<DetailedHTMLProps<HTMLAttributes<HTMLDivElement>, HTMLDivElement>, "sx" | keyof GridBaseProps>'.
      Property 'item' does not exist on type 'IntrinsicAttributes & GridBaseProps & { sx?: SxProps<Theme> | undefined; } & Omit<DetailedHTMLProps<HTMLAttributes<HTMLDivElement>, HTMLDivElement>, "sx" | keyof GridBaseProps>'.
src/components/tools/utility/BarcodeGenerator.tsx(143,18): error TS2769: No overload matches this call.
  Overload 1 of 2, '(props: { component: ElementType<any, keyof IntrinsicElements>; } & GridBaseProps & { sx?: SxProps<Theme> | undefined; } & Omit<...>): Element | null', gave the following error.
    Property 'component' is missing in type '{ children: Element; item: true; xs: number; }' but required in type '{ component: ElementType<any, keyof IntrinsicElements>; }'.
  Overload 2 of 2, '(props: DefaultComponentProps<GridTypeMap<{}, "div">>): Element | null', gave the following error.
    Type '{ children: Element; item: true; xs: number; }' is not assignable to type 'IntrinsicAttributes & GridBaseProps & { sx?: SxProps<Theme> | undefined; } & Omit<DetailedHTMLProps<HTMLAttributes<HTMLDivElement>, HTMLDivElement>, "sx" | keyof GridBaseProps>'.
      Property 'item' does not exist on type 'IntrinsicAttributes & GridBaseProps & { sx?: SxProps<Theme> | undefined; } & Omit<DetailedHTMLProps<HTMLAttributes<HTMLDivElement>, HTMLDivElement>, "sx" | keyof GridBaseProps>'.
src/components/tools/utility/BarcodeGenerator.tsx(154,18): error TS2769: No overload matches this call.
  Overload 1 of 2, '(props: { component: ElementType<any, keyof IntrinsicElements>; } & GridBaseProps & { sx?: SxProps<Theme> | undefined; } & Omit<...>): Element | null', gave the following error.
    Property 'component' is missing in type '{ children: Element[]; item: true; xs: number; }' but required in type '{ component: ElementType<any, keyof IntrinsicElements>; }'.
  Overload 2 of 2, '(props: DefaultComponentProps<GridTypeMap<{}, "div">>): Element | null', gave the following error.
    Type '{ children: Element[]; item: true; xs: number; }' is not assignable to type 'IntrinsicAttributes & GridBaseProps & { sx?: SxProps<Theme> | undefined; } & Omit<DetailedHTMLProps<HTMLAttributes<HTMLDivElement>, HTMLDivElement>, "sx" | keyof GridBaseProps>'.
      Property 'item' does not exist on type 'IntrinsicAttributes & GridBaseProps & { sx?: SxProps<Theme> | undefined; } & Omit<DetailedHTMLProps<HTMLAttributes<HTMLDivElement>, HTMLDivElement>, "sx" | keyof GridBaseProps>'.
src/components/tools/utility/BarcodeGenerator.tsx(168,18): error TS2769: No overload matches this call.
  Overload 1 of 2, '(props: { component: ElementType<any, keyof IntrinsicElements>; } & GridBaseProps & { sx?: SxProps<Theme> | undefined; } & Omit<...>): Element | null', gave the following error.
    Property 'component' is missing in type '{ children: Element[]; item: true; xs: number; }' but required in type '{ component: ElementType<any, keyof IntrinsicElements>; }'.
  Overload 2 of 2, '(props: DefaultComponentProps<GridTypeMap<{}, "div">>): Element | null', gave the following error.
    Type '{ children: Element[]; item: true; xs: number; }' is not assignable to type 'IntrinsicAttributes & GridBaseProps & { sx?: SxProps<Theme> | undefined; } & Omit<DetailedHTMLProps<HTMLAttributes<HTMLDivElement>, HTMLDivElement>, "sx" | keyof GridBaseProps>'.
      Property 'item' does not exist on type 'IntrinsicAttributes & GridBaseProps & { sx?: SxProps<Theme> | undefined; } & Omit<DetailedHTMLProps<HTMLAttributes<HTMLDivElement>, HTMLDivElement>, "sx" | keyof GridBaseProps>'.
src/components/tools/utility/BarcodeGenerator.tsx(182,18): error TS2769: No overload matches this call.
  Overload 1 of 2, '(props: { component: ElementType<any, keyof IntrinsicElements>; } & GridBaseProps & { sx?: SxProps<Theme> | undefined; } & Omit<...>): Element | null', gave the following error.
    Property 'component' is missing in type '{ children: Element; item: true; xs: number; }' but required in type '{ component: ElementType<any, keyof IntrinsicElements>; }'.
  Overload 2 of 2, '(props: DefaultComponentProps<GridTypeMap<{}, "div">>): Element | null', gave the following error.
    Type '{ children: Element; item: true; xs: number; }' is not assignable to type 'IntrinsicAttributes & GridBaseProps & { sx?: SxProps<Theme> | undefined; } & Omit<DetailedHTMLProps<HTMLAttributes<HTMLDivElement>, HTMLDivElement>, "sx" | keyof GridBaseProps>'.
      Property 'item' does not exist on type 'IntrinsicAttributes & GridBaseProps & { sx?: SxProps<Theme> | undefined; } & Omit<DetailedHTMLProps<HTMLAttributes<HTMLDivElement>, HTMLDivElement>, "sx" | keyof GridBaseProps>'.
src/components/tools/utility/BarcodeGenerator.tsx(199,10): error TS2769: No overload matches this call.
  Overload 1 of 2, '(props: { component: ElementType<any, keyof IntrinsicElements>; } & GridBaseProps & { sx?: SxProps<Theme> | undefined; } & Omit<...>): Element | null', gave the following error.
    Property 'component' is missing in type '{ children: Element; item: true; xs: number; md: number; }' but required in type '{ component: ElementType<any, keyof IntrinsicElements>; }'.
  Overload 2 of 2, '(props: DefaultComponentProps<GridTypeMap<{}, "div">>): Element | null', gave the following error.
    Type '{ children: Element; item: true; xs: number; md: number; }' is not assignable to type 'IntrinsicAttributes & GridBaseProps & { sx?: SxProps<Theme> | undefined; } & Omit<DetailedHTMLProps<HTMLAttributes<HTMLDivElement>, HTMLDivElement>, "sx" | keyof GridBaseProps>'.
      Property 'item' does not exist on type 'IntrinsicAttributes & GridBaseProps & { sx?: SxProps<Theme> | undefined; } & Omit<DetailedHTMLProps<HTMLAttributes<HTMLDivElement>, HTMLDivElement>, "sx" | keyof GridBaseProps>'.
src/components/tools/utility/QrCodeGeneratorScanner.tsx(209,12): error TS2769: No overload matches this call.
  Overload 1 of 2, '(props: { component: ElementType<any, keyof IntrinsicElements>; } & GridBaseProps & { sx?: SxProps<Theme> | undefined; } & Omit<...>): Element | null', gave the following error.
    Property 'component' is missing in type '{ children: Element; item: true; xs: number; md: number; }' but required in type '{ component: ElementType<any, keyof IntrinsicElements>; }'.
  Overload 2 of 2, '(props: DefaultComponentProps<GridTypeMap<{}, "div">>): Element | null', gave the following error.
    Type '{ children: Element; item: true; xs: number; md: number; }' is not assignable to type 'IntrinsicAttributes & GridBaseProps & { sx?: SxProps<Theme> | undefined; } & Omit<DetailedHTMLProps<HTMLAttributes<HTMLDivElement>, HTMLDivElement>, "sx" | keyof GridBaseProps>'.
      Property 'item' does not exist on type 'IntrinsicAttributes & GridBaseProps & { sx?: SxProps<Theme> | undefined; } & Omit<DetailedHTMLProps<HTMLAttributes<HTMLDivElement>, HTMLDivElement>, "sx" | keyof GridBaseProps>'.
src/components/tools/utility/QrCodeGeneratorScanner.tsx(374,20): error TS2769: No overload matches this call.
  Overload 1 of 2, '(props: { component: ElementType<any, keyof IntrinsicElements>; } & GridBaseProps & { sx?: SxProps<Theme> | undefined; } & Omit<...>): Element | null', gave the following error.
    Property 'component' is missing in type '{ children: Element; item: true; xs: number; }' but required in type '{ component: ElementType<any, keyof IntrinsicElements>; }'.
  Overload 2 of 2, '(props: DefaultComponentProps<GridTypeMap<{}, "div">>): Element | null', gave the following error.
    Type '{ children: Element; item: true; xs: number; }' is not assignable to type 'IntrinsicAttributes & GridBaseProps & { sx?: SxProps<Theme> | undefined; } & Omit<DetailedHTMLProps<HTMLAttributes<HTMLDivElement>, HTMLDivElement>, "sx" | keyof GridBaseProps>'.
      Property 'item' does not exist on type 'IntrinsicAttributes & GridBaseProps & { sx?: SxProps<Theme> | undefined; } & Omit<DetailedHTMLProps<HTMLAttributes<HTMLDivElement>, HTMLDivElement>, "sx" | keyof GridBaseProps>'.
src/components/tools/utility/QrCodeGeneratorScanner.tsx(384,20): error TS2769: No overload matches this call.
  Overload 1 of 2, '(props: { component: ElementType<any, keyof IntrinsicElements>; } & GridBaseProps & { sx?: SxProps<Theme> | undefined; } & Omit<...>): Element | null', gave the following error.
    Property 'component' is missing in type '{ children: Element; item: true; xs: number; }' but required in type '{ component: ElementType<any, keyof IntrinsicElements>; }'.
  Overload 2 of 2, '(props: DefaultComponentProps<GridTypeMap<{}, "div">>): Element | null', gave the following error.
    Type '{ children: Element; item: true; xs: number; }' is not assignable to type 'IntrinsicAttributes & GridBaseProps & { sx?: SxProps<Theme> | undefined; } & Omit<DetailedHTMLProps<HTMLAttributes<HTMLDivElement>, HTMLDivElement>, "sx" | keyof GridBaseProps>'.
      Property 'item' does not exist on type 'IntrinsicAttributes & GridBaseProps & { sx?: SxProps<Theme> | undefined; } & Omit<DetailedHTMLProps<HTMLAttributes<HTMLDivElement>, HTMLDivElement>, "sx" | keyof GridBaseProps>'.
src/components/tools/utility/QrCodeGeneratorScanner.tsx(394,20): error TS2769: No overload matches this call.
  Overload 1 of 2, '(props: { component: ElementType<any, keyof IntrinsicElements>; } & GridBaseProps & { sx?: SxProps<Theme> | undefined; } & Omit<...>): Element | null', gave the following error.
    Property 'component' is missing in type '{ children: Element[]; item: true; xs: number; }' but required in type '{ component: ElementType<any, keyof IntrinsicElements>; }'.
  Overload 2 of 2, '(props: DefaultComponentProps<GridTypeMap<{}, "div">>): Element | null', gave the following error.
    Type '{ children: Element[]; item: true; xs: number; }' is not assignable to type 'IntrinsicAttributes & GridBaseProps & { sx?: SxProps<Theme> | undefined; } & Omit<DetailedHTMLProps<HTMLAttributes<HTMLDivElement>, HTMLDivElement>, "sx" | keyof GridBaseProps>'.
      Property 'item' does not exist on type 'IntrinsicAttributes & GridBaseProps & { sx?: SxProps<Theme> | undefined; } & Omit<DetailedHTMLProps<HTMLAttributes<HTMLDivElement>, HTMLDivElement>, "sx" | keyof GridBaseProps>'.
src/components/tools/utility/QrCodeGeneratorScanner.tsx(407,20): error TS2769: No overload matches this call.
  Overload 1 of 2, '(props: { component: ElementType<any, keyof IntrinsicElements>; } & GridBaseProps & { sx?: SxProps<Theme> | undefined; } & Omit<...>): Element | null', gave the following error.
    Property 'component' is missing in type '{ children: Element; item: true; xs: number; }' but required in type '{ component: ElementType<any, keyof IntrinsicElements>; }'.
  Overload 2 of 2, '(props: DefaultComponentProps<GridTypeMap<{}, "div">>): Element | null', gave the following error.
    Type '{ children: Element; item: true; xs: number; }' is not assignable to type 'IntrinsicAttributes & GridBaseProps & { sx?: SxProps<Theme> | undefined; } & Omit<DetailedHTMLProps<HTMLAttributes<HTMLDivElement>, HTMLDivElement>, "sx" | keyof GridBaseProps>'.
      Property 'item' does not exist on type 'IntrinsicAttributes & GridBaseProps & { sx?: SxProps<Theme> | undefined; } & Omit<DetailedHTMLProps<HTMLAttributes<HTMLDivElement>, HTMLDivElement>, "sx" | keyof GridBaseProps>'.
src/components/tools/utility/QrCodeGeneratorScanner.tsx(427,12): error TS2769: No overload matches this call.
  Overload 1 of 2, '(props: { component: ElementType<any, keyof IntrinsicElements>; } & GridBaseProps & { sx?: SxProps<Theme> | undefined; } & Omit<...>): Element | null', gave the following error.
    Property 'component' is missing in type '{ children: Element; item: true; xs: number; md: number; }' but required in type '{ component: ElementType<any, keyof IntrinsicElements>; }'.
  Overload 2 of 2, '(props: DefaultComponentProps<GridTypeMap<{}, "div">>): Element | null', gave the following error.
    Type '{ children: Element; item: true; xs: number; md: number; }' is not assignable to type 'IntrinsicAttributes & GridBaseProps & { sx?: SxProps<Theme> | undefined; } & Omit<DetailedHTMLProps<HTMLAttributes<HTMLDivElement>, HTMLDivElement>, "sx" | keyof GridBaseProps>'.
      Property 'item' does not exist on type 'IntrinsicAttributes & GridBaseProps & { sx?: SxProps<Theme> | undefined; } & Omit<DetailedHTMLProps<HTMLAttributes<HTMLDivElement>, HTMLDivElement>, "sx" | keyof GridBaseProps>'.
src/components/tools/utility/QrCodeGeneratorScanner.tsx(475,12): error TS2769: No overload matches this call.
  Overload 1 of 2, '(props: { component: ElementType<any, keyof IntrinsicElements>; } & GridBaseProps & { sx?: SxProps<Theme> | undefined; } & Omit<...>): Element | null', gave the following error.
    Property 'component' is missing in type '{ children: Element; item: true; xs: number; md: number; }' but required in type '{ component: ElementType<any, keyof IntrinsicElements>; }'.
  Overload 2 of 2, '(props: DefaultComponentProps<GridTypeMap<{}, "div">>): Element | null', gave the following error.
    Type '{ children: Element; item: true; xs: number; md: number; }' is not assignable to type 'IntrinsicAttributes & GridBaseProps & { sx?: SxProps<Theme> | undefined; } & Omit<DetailedHTMLProps<HTMLAttributes<HTMLDivElement>, HTMLDivElement>, "sx" | keyof GridBaseProps>'.
      Property 'item' does not exist on type 'IntrinsicAttributes & GridBaseProps & { sx?: SxProps<Theme> | undefined; } & Omit<DetailedHTMLProps<HTMLAttributes<HTMLDivElement>, HTMLDivElement>, "sx" | keyof GridBaseProps>'.
src/components/tools/utility/QrCodeGeneratorScanner.tsx(603,12): error TS2769: No overload matches this call.
  Overload 1 of 2, '(props: { component: ElementType<any, keyof IntrinsicElements>; } & GridBaseProps & { sx?: SxProps<Theme> | undefined; } & Omit<...>): Element | null', gave the following error.
    Property 'component' is missing in type '{ children: Element; item: true; xs: number; md: number; }' but required in type '{ component: ElementType<any, keyof IntrinsicElements>; }'.
  Overload 2 of 2, '(props: DefaultComponentProps<GridTypeMap<{}, "div">>): Element | null', gave the following error.
    Type '{ children: Element; item: true; xs: number; md: number; }' is not assignable to type 'IntrinsicAttributes & GridBaseProps & { sx?: SxProps<Theme> | undefined; } & Omit<DetailedHTMLProps<HTMLAttributes<HTMLDivElement>, HTMLDivElement>, "sx" | keyof GridBaseProps>'.
      Property 'item' does not exist on type 'IntrinsicAttributes & GridBaseProps & { sx?: SxProps<Theme> | undefined; } & Omit<DetailedHTMLProps<HTMLAttributes<HTMLDivElement>, HTMLDivElement>, "sx" | keyof GridBaseProps>'.
src/components/tools/utility/RandomPasswordGenerator.tsx(9,3): error TS2724: '"@mui/material"' has no exported member named 'Grid2'. Did you mean 'Grid'?
src/components/tools/utility/RandomPasswordGenerator.tsx(323,26): error TS2769: No overload matches this call.
  Overload 1 of 2, '(props: { component: ElementType<any, keyof IntrinsicElements>; } & StackOwnProps & CommonProps & Omit<any, keyof CommonProps | keyof StackOwnProps>): Element | null', gave the following error.
    Property 'component' is missing in type '{ children: Element[]; direction: "row"; justifyContent: string; sx: { mb: number; }; }' but required in type '{ component: ElementType<any, keyof IntrinsicElements>; }'.
  Overload 2 of 2, '(props: DefaultComponentProps<StackTypeMap<{}, "div">>): Element | null', gave the following error.
    Type '{ children: Element[]; direction: "row"; justifyContent: string; sx: { mb: number; }; }' is not assignable to type 'IntrinsicAttributes & StackOwnProps & CommonProps & Omit<DetailedHTMLProps<HTMLAttributes<HTMLDivElement>, HTMLDivElement>, keyof CommonProps | keyof StackOwnProps>'.
      Property 'justifyContent' does not exist on type 'IntrinsicAttributes & StackOwnProps & CommonProps & Omit<DetailedHTMLProps<HTMLAttributes<HTMLDivElement>, HTMLDivElement>, keyof CommonProps | keyof StackOwnProps>'.
src/components/tools/utility/RandomPasswordGenerator.tsx(351,22): error TS2769: No overload matches this call.
  Overload 1 of 2, '(props: { component: ElementType<any, keyof IntrinsicElements>; } & StackOwnProps & CommonProps & Omit<any, keyof CommonProps | keyof StackOwnProps>): Element | null', gave the following error.
    Property 'component' is missing in type '{ children: Element[]; direction: "row"; justifyContent: string; alignItems: string; sx: { mb: number; }; }' but required in type '{ component: ElementType<any, keyof IntrinsicElements>; }'.
  Overload 2 of 2, '(props: DefaultComponentProps<StackTypeMap<{}, "div">>): Element | null', gave the following error.
    Type '{ children: Element[]; direction: "row"; justifyContent: string; alignItems: string; sx: { mb: number; }; }' is not assignable to type 'IntrinsicAttributes & StackOwnProps & CommonProps & Omit<DetailedHTMLProps<HTMLAttributes<HTMLDivElement>, HTMLDivElement>, keyof CommonProps | keyof StackOwnProps>'.
      Property 'justifyContent' does not exist on type 'IntrinsicAttributes & StackOwnProps & CommonProps & Omit<DetailedHTMLProps<HTMLAttributes<HTMLDivElement>, HTMLDivElement>, keyof CommonProps | keyof StackOwnProps>'.
src/components/tools/utility/RandomPasswordGenerator.tsx(447,24): error TS2304: Cannot find name 'Chip'.
src/components/tools/utility/RandomPasswordGenerator.tsx(453,24): error TS2304: Cannot find name 'Chip'.
src/components/tools/utility/RandomPasswordGenerator.tsx(459,24): error TS2304: Cannot find name 'Chip'.
src/components/tools/utility/RandomPasswordGenerator.tsx(498,24): error TS2304: Cannot find name 'Chip'.
src/components/tools/utility/TimeZoneConverter.tsx(8,3): error TS2724: '"@mui/material"' has no exported member named 'Grid2'. Did you mean 'Grid'?
src/components/tools/utility/UnitConverter.tsx(202,10): error TS2769: No overload matches this call.
  Overload 1 of 2, '(props: { component: ElementType<any, keyof IntrinsicElements>; } & GridBaseProps & { sx?: SxProps<Theme> | undefined; } & Omit<...>): Element | null', gave the following error.
    Property 'component' is missing in type '{ children: Element; item: true; xs: number; md: number; }' but required in type '{ component: ElementType<any, keyof IntrinsicElements>; }'.
  Overload 2 of 2, '(props: DefaultComponentProps<GridTypeMap<{}, "div">>): Element | null', gave the following error.
    Type '{ children: Element; item: true; xs: number; md: number; }' is not assignable to type 'IntrinsicAttributes & GridBaseProps & { sx?: SxProps<Theme> | undefined; } & Omit<DetailedHTMLProps<HTMLAttributes<HTMLDivElement>, HTMLDivElement>, "sx" | keyof GridBaseProps>'.
      Property 'item' does not exist on type 'IntrinsicAttributes & GridBaseProps & { sx?: SxProps<Theme> | undefined; } & Omit<DetailedHTMLProps<HTMLAttributes<HTMLDivElement>, HTMLDivElement>, "sx" | keyof GridBaseProps>'.
src/components/tools/utility/UnitConverter.tsx(227,18): error TS2769: No overload matches this call.
  Overload 1 of 2, '(props: { component: ElementType<any, keyof IntrinsicElements>; } & GridBaseProps & { sx?: SxProps<Theme> | undefined; } & Omit<...>): Element | null', gave the following error.
    Property 'component' is missing in type '{ children: Element[]; item: true; xs: number; sm: number; }' but required in type '{ component: ElementType<any, keyof IntrinsicElements>; }'.
  Overload 2 of 2, '(props: DefaultComponentProps<GridTypeMap<{}, "div">>): Element | null', gave the following error.
    Type '{ children: Element[]; item: true; xs: number; sm: number; }' is not assignable to type 'IntrinsicAttributes & GridBaseProps & { sx?: SxProps<Theme> | undefined; } & Omit<DetailedHTMLProps<HTMLAttributes<HTMLDivElement>, HTMLDivElement>, "sx" | keyof GridBaseProps>'.
      Property 'item' does not exist on type 'IntrinsicAttributes & GridBaseProps & { sx?: SxProps<Theme> | undefined; } & Omit<DetailedHTMLProps<HTMLAttributes<HTMLDivElement>, HTMLDivElement>, "sx" | keyof GridBaseProps>'.
src/components/tools/utility/UnitConverter.tsx(247,18): error TS2769: No overload matches this call.
  Overload 1 of 2, '(props: { component: ElementType<any, keyof IntrinsicElements>; } & GridBaseProps & { sx?: SxProps<Theme> | undefined; } & Omit<...>): Element | null', gave the following error.
    Property 'component' is missing in type '{ children: Element; item: true; xs: number; sm: number; sx: { display: "flex"; justifyContent: "center"; }; }' but required in type '{ component: ElementType<any, keyof IntrinsicElements>; }'.
  Overload 2 of 2, '(props: DefaultComponentProps<GridTypeMap<{}, "div">>): Element | null', gave the following error.
    Type '{ children: Element; item: true; xs: number; sm: number; sx: { display: "flex"; justifyContent: "center"; }; }' is not assignable to type 'IntrinsicAttributes & GridBaseProps & { sx?: SxProps<Theme> | undefined; } & Omit<DetailedHTMLProps<HTMLAttributes<HTMLDivElement>, HTMLDivElement>, "sx" | keyof GridBaseProps>'.
      Property 'item' does not exist on type 'IntrinsicAttributes & GridBaseProps & { sx?: SxProps<Theme> | undefined; } & Omit<DetailedHTMLProps<HTMLAttributes<HTMLDivElement>, HTMLDivElement>, "sx" | keyof GridBaseProps>'.
src/components/tools/utility/UnitConverter.tsx(253,18): error TS2769: No overload matches this call.
  Overload 1 of 2, '(props: { component: ElementType<any, keyof IntrinsicElements>; } & GridBaseProps & { sx?: SxProps<Theme> | undefined; } & Omit<...>): Element | null', gave the following error.
    Property 'component' is missing in type '{ children: Element[]; item: true; xs: number; sm: number; }' but required in type '{ component: ElementType<any, keyof IntrinsicElements>; }'.
  Overload 2 of 2, '(props: DefaultComponentProps<GridTypeMap<{}, "div">>): Element | null', gave the following error.
    Type '{ children: Element[]; item: true; xs: number; sm: number; }' is not assignable to type 'IntrinsicAttributes & GridBaseProps & { sx?: SxProps<Theme> | undefined; } & Omit<DetailedHTMLProps<HTMLAttributes<HTMLDivElement>, HTMLDivElement>, "sx" | keyof GridBaseProps>'.
      Property 'item' does not exist on type 'IntrinsicAttributes & GridBaseProps & { sx?: SxProps<Theme> | undefined; } & Omit<DetailedHTMLProps<HTMLAttributes<HTMLDivElement>, HTMLDivElement>, "sx" | keyof GridBaseProps>'.
src/components/tools/utility/UnitConverter.tsx(279,10): error TS2769: No overload matches this call.
  Overload 1 of 2, '(props: { component: ElementType<any, keyof IntrinsicElements>; } & GridBaseProps & { sx?: SxProps<Theme> | undefined; } & Omit<...>): Element | null', gave the following error.
    Property 'component' is missing in type '{ children: Element; item: true; xs: number; md: number; }' but required in type '{ component: ElementType<any, keyof IntrinsicElements>; }'.
  Overload 2 of 2, '(props: DefaultComponentProps<GridTypeMap<{}, "div">>): Element | null', gave the following error.
    Type '{ children: Element; item: true; xs: number; md: number; }' is not assignable to type 'IntrinsicAttributes & GridBaseProps & { sx?: SxProps<Theme> | undefined; } & Omit<DetailedHTMLProps<HTMLAttributes<HTMLDivElement>, HTMLDivElement>, "sx" | keyof GridBaseProps>'.
      Property 'item' does not exist on type 'IntrinsicAttributes & GridBaseProps & { sx?: SxProps<Theme> | undefined; } & Omit<DetailedHTMLProps<HTMLAttributes<HTMLDivElement>, HTMLDivElement>, "sx" | keyof GridBaseProps>'.
src/components/tools/utility/UuidGenerator.tsx(58,8): error TS2769: No overload matches this call.
  Overload 1 of 2, '(props: { component: ElementType<any, keyof IntrinsicElements>; } & StackOwnProps & CommonProps & Omit<any, keyof CommonProps | keyof StackOwnProps>): Element | null', gave the following error.
    Property 'component' is missing in type '{ children: Element[]; direction: { xs: "column"; sm: "row"; }; spacing: number; alignItems: string; flexWrap: string; useFlexGap: true; }' but required in type '{ component: ElementType<any, keyof IntrinsicElements>; }'.
  Overload 2 of 2, '(props: DefaultComponentProps<StackTypeMap<{}, "div">>): Element | null', gave the following error.
    Type '{ children: Element[]; direction: { xs: "column"; sm: "row"; }; spacing: number; alignItems: string; flexWrap: string; useFlexGap: true; }' is not assignable to type 'IntrinsicAttributes & StackOwnProps & CommonProps & Omit<DetailedHTMLProps<HTMLAttributes<HTMLDivElement>, HTMLDivElement>, keyof CommonProps | keyof StackOwnProps>'.
      Property 'alignItems' does not exist on type 'IntrinsicAttributes & StackOwnProps & CommonProps & Omit<DetailedHTMLProps<HTMLAttributes<HTMLDivElement>, HTMLDivElement>, keyof CommonProps | keyof StackOwnProps>'.
src/theme.ts(82,9): error TS2353: Object literal may only specify known properties, and 'containedPrimary' does not exist in type 'Partial<OverridesStyleRules<keyof ButtonClasses, "MuiButton", Omit<Theme, "palette" | "components"> & CssVarsTheme>>'.
